Archive member included to satisfy reference by file (symbol)

.\CortexM3\ARM_GCC_541\Debug\ElectronicGasPedal.a(SEVEN_DP.o)
                              .\CortexM3\ARM_GCC_541\Debug\seven.o (SEVEN_DP_Write)
.\CortexM3\ARM_GCC_541\Debug\ElectronicGasPedal.a(SEVEN_SELECT.o)
                              .\CortexM3\ARM_GCC_541\Debug\seven.o (SEVEN_SELECT_Write)
.\CortexM3\ARM_GCC_541\Debug\ElectronicGasPedal.a(SEVEN_reg.o)
                              .\CortexM3\ARM_GCC_541\Debug\seven.o (SEVEN_reg_Write)
.\CortexM3\ARM_GCC_541\Debug\ElectronicGasPedal.a(BUTTON_1.o)
                              .\CortexM3\ARM_GCC_541\Debug\button.o (BUTTON_1_Read)
.\CortexM3\ARM_GCC_541\Debug\ElectronicGasPedal.a(isr_Button.o)
                              .\CortexM3\ARM_GCC_541\Debug\button.o (isr_Button_StartEx)
.\CortexM3\ARM_GCC_541\Debug\ElectronicGasPedal.a(BUTTON_2.o)
                              .\CortexM3\ARM_GCC_541\Debug\button.o (BUTTON_2_Read)
.\CortexM3\ARM_GCC_541\Debug\ElectronicGasPedal.a(BUTTON_3.o)
                              .\CortexM3\ARM_GCC_541\Debug\button.o (BUTTON_3_Read)
.\CortexM3\ARM_GCC_541\Debug\ElectronicGasPedal.a(BUTTON_4.o)
                              .\CortexM3\ARM_GCC_541\Debug\button.o (BUTTON_4_Read)
.\CortexM3\ARM_GCC_541\Debug\ElectronicGasPedal.a(LED_red.o)
                              .\CortexM3\ARM_GCC_541\Debug\led.o (LED_red_Write)
.\CortexM3\ARM_GCC_541\Debug\ElectronicGasPedal.a(LED_yellow.o)
                              .\CortexM3\ARM_GCC_541\Debug\led.o (LED_yellow_Write)
.\CortexM3\ARM_GCC_541\Debug\ElectronicGasPedal.a(LED_green.o)
                              .\CortexM3\ARM_GCC_541\Debug\led.o (LED_green_Write)
.\CortexM3\ARM_GCC_541\Debug\ElectronicGasPedal.a(UART_LOG.o)
                              .\CortexM3\ARM_GCC_541\Debug\main.o (UART_LOG_Start)
.\CortexM3\ARM_GCC_541\Debug\ElectronicGasPedal.a(RGB_PWM_red.o)
                              .\CortexM3\ARM_GCC_541\Debug\led.o (RGB_PWM_red_WriteCompare)
.\CortexM3\ARM_GCC_541\Debug\ElectronicGasPedal.a(RGB_PWM_green.o)
                              .\CortexM3\ARM_GCC_541\Debug\led.o (RGB_PWM_green_WriteCompare)
.\CortexM3\ARM_GCC_541\Debug\ElectronicGasPedal.a(RGB_PWM_blue.o)
                              .\CortexM3\ARM_GCC_541\Debug\led.o (RGB_PWM_blue_WriteCompare)
.\CortexM3\ARM_GCC_541\Debug\ElectronicGasPedal.a(JOYSTICK_ADC_XY.o)
                              .\CortexM3\ARM_GCC_541\Debug\joystick.o (JOYSTICK_ADC_XY_Start)
.\CortexM3\ARM_GCC_541\Debug\ElectronicGasPedal.a(JOYSTICK_ADC_XY_INT.o)
                              .\CortexM3\ARM_GCC_541\Debug\ElectronicGasPedal.a(JOYSTICK_ADC_XY.o) (JOYSTICK_ADC_XY_ISR)
.\CortexM3\ARM_GCC_541\Debug\ElectronicGasPedal.a(TFT_SPI.o)
                              .\CortexM3\ARM_GCC_541\Debug\tft.o (TFT_SPI_WriteTxData)
.\CortexM3\ARM_GCC_541\Debug\ElectronicGasPedal.a(TFT_DC.o)
                              .\CortexM3\ARM_GCC_541\Debug\tft.o (TFT_DC_Write)
.\CortexM3\ARM_GCC_541\Debug\ElectronicGasPedal.a(TFT_RES.o)
                              .\CortexM3\ARM_GCC_541\Debug\tft.o (TFT_RES_Write)
.\CortexM3\ARM_GCC_541\Debug\ElectronicGasPedal.a(TFT_BackLight.o)
                              .\CortexM3\ARM_GCC_541\Debug\tft.o (TFT_BackLight_WriteCompare)
.\CortexM3\ARM_GCC_541\Debug\ElectronicGasPedal.a(USBUART.o)
                              .\CortexM3\ARM_GCC_541\Debug\trcStreamingPort.o (USBUART_Start)
.\CortexM3\ARM_GCC_541\Debug\ElectronicGasPedal.a(USBUART_cdc.o)
                              .\CortexM3\ARM_GCC_541\Debug\trcStreamingPort.o (USBUART_CDC_Init)
.\CortexM3\ARM_GCC_541\Debug\ElectronicGasPedal.a(USBUART_drv.o)
                              .\CortexM3\ARM_GCC_541\Debug\ElectronicGasPedal.a(USBUART.o) (USBUART_lastPacketSize)
.\CortexM3\ARM_GCC_541\Debug\ElectronicGasPedal.a(USBUART_episr.o)
                              .\CortexM3\ARM_GCC_541\Debug\ElectronicGasPedal.a(USBUART.o) (USBUART_EP_1_ISR)
.\CortexM3\ARM_GCC_541\Debug\ElectronicGasPedal.a(USBUART_pm.o)
                              .\CortexM3\ARM_GCC_541\Debug\ElectronicGasPedal.a(USBUART.o) (USBUART_DP_ISR)
.\CortexM3\ARM_GCC_541\Debug\ElectronicGasPedal.a(USBUART_std.o)
                              .\CortexM3\ARM_GCC_541\Debug\ElectronicGasPedal.a(USBUART_pm.o) (USBUART_ConfigReg)
.\CortexM3\ARM_GCC_541\Debug\ElectronicGasPedal.a(USBUART_vnd.o)
                              .\CortexM3\ARM_GCC_541\Debug\ElectronicGasPedal.a(USBUART_drv.o) (USBUART_HandleVendorRqst)
.\CortexM3\ARM_GCC_541\Debug\ElectronicGasPedal.a(ErikaOS_ee_activate.o)
                              .\CortexM3\ARM_GCC_541\Debug\main.o (EE_oo_ActivateTask)
.\CortexM3\ARM_GCC_541\Debug\ElectronicGasPedal.a(ErikaOS_ee_alsetrel.o)
                              .\CortexM3\ARM_GCC_541\Debug\main.o (EE_oo_SetRelAlarm)
.\CortexM3\ARM_GCC_541\Debug\ElectronicGasPedal.a(ErikaOS_ee_altick.o)
                              .\CortexM3\ARM_GCC_541\Debug\ElectronicGasPedal.a(ErikaOS_ee_alsetrel.o) (EE_oo_counter_object_insert)
[...]
Memory Configuration

Name             Origin             Length             Attributes
rom              0x00000000         0x00040000         xr
ram              0x1fff8000         0x00010000         xrw
*default*        0x00000000         0xffffffff

Linker script and memory map

LOAD c:/program files (x86)/cypress/psoc creator/4.4/psoc creator/import/gnu/arm/5.4.1/bin/../lib/gcc/arm-none-eabi/5.4.1/armv7-m/crti.o
LOAD c:/program files (x86)/cypress/psoc creator/4.4/psoc creator/import/gnu/arm/5.4.1/bin/../lib/gcc/arm-none-eabi/5.4.1/armv7-m/crtbegin.o
LOAD c:/program files (x86)/cypress/psoc creator/4.4/psoc creator/import/gnu/arm/5.4.1/bin/../lib/gcc/arm-none-eabi/5.4.1/../../../../arm-none-eabi/lib/armv7-m/crt0.o
START GROUP
LOAD .\CortexM3\ARM_GCC_541\Debug\main.o
LOAD .\CortexM3\ARM_GCC_541\Debug\swc_control.o
LOAD .\CortexM3\ARM_GCC_541\Debug\swc_engine.o
LOAD .\CortexM3\ARM_GCC_541\Debug\swc_joystick.o
LOAD .\CortexM3\ARM_GCC_541\Debug\tsk_control.o
LOAD .\CortexM3\ARM_GCC_541\Debug\tsk_io.o
LOAD .\CortexM3\ARM_GCC_541\Debug\trcStreamingPort.o
LOAD .\CortexM3\ARM_GCC_541\Debug\trcKernelPort.o
LOAD .\CortexM3\ARM_GCC_541\Debug\trcSnapshotRecorder.o
LOAD .\CortexM3\ARM_GCC_541\Debug\trcStreamingRecorder.o
LOAD .\CortexM3\ARM_GCC_541\Debug\button.o
LOAD .\CortexM3\ARM_GCC_541\Debug\joystick.o
LOAD .\CortexM3\ARM_GCC_541\Debug\led.o
LOAD .\CortexM3\ARM_GCC_541\Debug\seven.o
LOAD .\CortexM3\ARM_GCC_541\Debug\logging.o
LOAD .\CortexM3\ARM_GCC_541\Debug\tft.o
LOAD .\CortexM3\ARM_GCC_541\Debug\rte.o
LOAD .\CortexM3\ARM_GCC_541\Debug\sc_joystick.o
LOAD .\CortexM3\ARM_GCC_541\Debug\sc_speed.o
LOAD .\CortexM3\ARM_GCC_541\Debug\sp_common.o
LOAD .\CortexM3\ARM_GCC_541\Debug\cyfitter_cfg.o
LOAD .\CortexM3\ARM_GCC_541\Debug\cymetadata.o
LOAD .\CortexM3\ARM_GCC_541\Debug\Cm3Start.o
LOAD .\CortexM3\ARM_GCC_541\Debug\ElectronicGasPedal.a
LOAD C:\Program Files (x86)\Cypress\PSoC Creator\4.4\PSoC Creator\psoc\content\cycomponentlibrary\CyComponentLibrary.cylib\CortexM3\ARM_GCC_541\Debug\CyComponentLibrary.a
END GROUP
START GROUP
LOAD c:/program files (x86)/cypress/psoc creator/4.4/psoc creator/import/gnu/arm/5.4.1/bin/../lib/gcc/arm-none-eabi/5.4.1/armv7-m\libgcc.a
LOAD c:/program files (x86)/cypress/psoc creator/4.4/psoc creator/import/gnu/arm/5.4.1/bin/../lib/gcc/arm-none-eabi/5.4.1/../../../../arm-none-eabi/lib/armv7-m\libg_nano.a
LOAD c:/program files (x86)/cypress/psoc creator/4.4/psoc creator/import/gnu/arm/5.4.1/bin/../lib/gcc/arm-none-eabi/5.4.1/../../../../arm-none-eabi/lib/armv7-m\libc_nano.a
END GROUP
START GROUP
LOAD c:/program files (x86)/cypress/psoc creator/4.4/psoc creator/import/gnu/arm/5.4.1/bin/../lib/gcc/arm-none-eabi/5.4.1/armv7-m\libgcc.a
LOAD c:/program files (x86)/cypress/psoc creator/4.4/psoc creator/import/gnu/arm/5.4.1/bin/../lib/gcc/arm-none-eabi/5.4.1/../../../../arm-none-eabi/lib/armv7-m\libc_nano.a
END GROUP
LOAD c:/program files (x86)/cypress/psoc creator/4.4/psoc creator/import/gnu/arm/5.4.1/bin/../lib/gcc/arm-none-eabi/5.4.1/armv7-m/crtend.o
LOAD c:/program files (x86)/cypress/psoc creator/4.4/psoc creator/import/gnu/arm/5.4.1/bin/../lib/gcc/arm-none-eabi/5.4.1/armv7-m/crtn.o
START GROUP
LOAD c:/program files (x86)/cypress/psoc creator/4.4/psoc creator/import/gnu/arm/5.4.1/bin/../lib/gcc/arm-none-eabi/5.4.1/armv7-m\libgcc.a
LOAD c:/program files (x86)/cypress/psoc creator/4.4/psoc creator/import/gnu/arm/5.4.1/bin/../lib/gcc/arm-none-eabi/5.4.1/../../../../arm-none-eabi/lib/armv7-m\libc.a
LOAD c:/program files (x86)/cypress/psoc creator/4.4/psoc creator/import/gnu/arm/5.4.1/bin/../lib/gcc/arm-none-eabi/5.4.1/../../../../arm-none-eabi/lib/armv7-m\libnosys.a
END GROUP
                0x00000000                CY_APPL_ORIGIN = 0x0
                0x00000100                CY_FLASH_ROW_SIZE = 0x100
                0x00000020                CY_ECC_ROW_SIZE = 0x20
                0x00000000                CY_EE_IN_BTLDR = 0x0
                0x00000000                CY_APPL_LOADABLE = 0x0
                0x00000800                CY_EE_SIZE = 0x800
                0x00000001                CY_APPL_NUM = 0x1
                0x00000001                CY_APPL_MAX = 0x1
                0x00000040                CY_METADATA_SIZE = 0x40
                0x00000000                CY_APPL_LOADABLE = 0x0
                0x00000000                CY_CHECKSUM_EXCLUDE_SIZE = ALIGN (0x0, CY_FLASH_ROW_SIZE)
                [!provide]                PROVIDE (__cy_heap_start, _end)
                0x00000001                PROVIDE (__cy_region_num, ((__cy_regions_end - __cy_regions) / 0x10))
                0x20008000                PROVIDE (__cy_stack, (ORIGIN (ram) + LENGTH (ram)))
                [!provide]                PROVIDE (__cy_heap_end, (__cy_stack - 0x800))

.cybootloader   0x00000000        0x0
 *(.cybootloader)
                0x00000000                appl1_start = CY_APPL_ORIGIN?CY_APPL_ORIGIN:ALIGN (CY_FLASH_ROW_SIZE)
                0x0001ff00                appl2_start = (appl1_start + ALIGN ((((LENGTH (rom) - appl1_start) - (0x2 * CY_FLASH_ROW_SIZE)) / 0x2), CY_FLASH_ROW_SIZE))
                0x00000000                appl_start = (CY_APPL_NUM == 0x1)?appl1_start:appl2_start
                0x00000000                ecc_offset = ((appl_start / CY_FLASH_ROW_SIZE) * CY_ECC_ROW_SIZE)
                0x00000000                ee_offset = (CY_APPL_LOADABLE && ! (CY_EE_IN_BTLDR))?((CY_EE_SIZE / CY_APPL_MAX) * (CY_APPL_NUM - 0x1)):0x0
                0x00000800                ee_size = (CY_APPL_LOADABLE && ! (CY_EE_IN_BTLDR))?(CY_EE_SIZE / CY_APPL_MAX):CY_EE_SIZE
                [!provide]                PROVIDE (CY_ECC_OFFSET, ecc_offset)

.text           0x00000000     0x2126
 CREATE_OBJECT_SYMBOLS
                0x00000000                PROVIDE (__cy_interrupt_vector, RomVectors)
 *(.romvectors)
 .romvectors    0x00000000       0x10 .\CortexM3\ARM_GCC_541\Debug\Cm3Start.o
                0x00000000                RomVectors
                0x00000001                ASSERT ((. != __cy_interrupt_vector), No interrupt vector)
                0x00000001                ASSERT (CY_APPL_ORIGIN?(SIZEOF (.cybootloader) <= CY_APPL_ORIGIN):0x1, Wrong image location)
                0x00000010                PROVIDE (__cy_reset, Reset)
 *(.text.Reset)
 .text.Reset    0x00000010       0x18 .\CortexM3\ARM_GCC_541\Debug\Cm3Start.o
                0x00000010                Reset
                0x00000001                ASSERT ((. != __cy_reset), No reset code)
 *(.dma_init)
                0x00000001                ASSERT ((((appl_start + .) <= 0x10000) || 0x1), DMA Init must be within the first 64k of flash)
 *(.text .text.* .gnu.linkonce.t.*)
 .text          0x00000028       0x5c c:/program files (x86)/cypress/psoc creator/4.4/psoc creator/import/gnu/arm/5.4.1/bin/../lib/gcc/arm-none-eabi/5.4.1/armv7-m/crtbegin.o
 .text.ISR2_systick_handler
                0x00000084        0xc .\CortexM3\ARM_GCC_541\Debug\main.o
                0x00000084                ISR2_systick_handler
 .text.systick_handler
                0x00000090       0x98 .\CortexM3\ARM_GCC_541\Debug\main.o
                0x00000090                systick_handler
 .text.main     0x00000128       0x28 .\CortexM3\ARM_GCC_541\Debug\main.o
                0x00000128                main
 .text.Functsk_init
                0x00000150       0x3c .\CortexM3\ARM_GCC_541\Debug\main.o
                0x00000150                Functsk_init
 .text.Functsk_background
                0x0000018c        0x4 .\CortexM3\ARM_GCC_541\Debug\main.o
                0x0000018c                Functsk_background
 .text.CONTROL_calcControl_run
                0x00000190      0x188 .\CortexM3\ARM_GCC_541\Debug\swc_control.o
                0x00000190                CONTROL_calcControl_run
 .text.ENGINE_setEngine_run
                0x00000318      0x150 .\CortexM3\ARM_GCC_541\Debug\swc_engine.o
                0x00000318                ENGINE_setEngine_run
 .text.JOYSTICK_readJoystick_run
                0x00000468       0xdc .\CortexM3\ARM_GCC_541\Debug\swc_joystick.o
                0x00000468                JOYSTICK_readJoystick_run
 .text.Functsk_control
                0x00000544       0x2c .\CortexM3\ARM_GCC_541\Debug\tsk_control.o
                0x00000544                Functsk_control
 .text.Functsk_io
                0x00000570       0x28 .\CortexM3\ARM_GCC_541\Debug\tsk_io.o
                0x00000570                Functsk_io
 .text.JOYSTICK_Init
                0x00000598       0x10 .\CortexM3\ARM_GCC_541\Debug\joystick.o
                0x00000598                JOYSTICK_Init
 .text.JOYSTICK_ReadPosition
                0x000005a8       0x3c .\CortexM3\ARM_GCC_541\Debug\joystick.o
                0x000005a8                JOYSTICK_ReadPosition
 .text.LED_Set  0x000005e4       0x60 .\CortexM3\ARM_GCC_541\Debug\led.o
                0x000005e4                LED_Set
 .text.LED_Init
                0x00000644       0x34 .\CortexM3\ARM_GCC_541\Debug\led.o
                0x00000644                LED_Init
 .text.LED_RGB_Set
                0x00000678       0x28 .\CortexM3\ARM_GCC_541\Debug\led.o
                0x00000678                LED_RGB_Set
 .text.RTE_ProcessCyclicTable
                0x000006a0       0x30 .\CortexM3\ARM_GCC_541\Debug\rte.o
                0x000006a0                RTE_ProcessCyclicTable
 .text.RTE_ProcessEventTable
                0x000006d0       0x28 .\CortexM3\ARM_GCC_541\Debug\rte.o
                0x000006d0                RTE_ProcessEventTable
 .text.CyClockStartupError
                0x000006f8        0x4 .\CortexM3\ARM_GCC_541\Debug\cyfitter_cfg.o
 .text.cfg_write_bytes32
                0x000006fc       0x34 .\CortexM3\ARM_GCC_541\Debug\cyfitter_cfg.o
 .text.ClockSetup
                0x00000730       0xec .\CortexM3\ARM_GCC_541\Debug\cyfitter_cfg.o
 .text.CYMEMZERO
                0x0000081c        0xc .\CortexM3\ARM_GCC_541\Debug\cyfitter_cfg.o
 .text.AnalogSetDefault
                0x00000828       0x7c .\CortexM3\ARM_GCC_541\Debug\cyfitter_cfg.o
 .text.CYCONFIGCPY
                0x000008a4        0x8 .\CortexM3\ARM_GCC_541\Debug\cyfitter_cfg.o
 .text.cyfitter_cfg
                0x000008ac      0x148 .\CortexM3\ARM_GCC_541\Debug\cyfitter_cfg.o
                0x000008ac                cyfitter_cfg
 .text.IntDefaultHandler
                0x000009f4       0x10 .\CortexM3\ARM_GCC_541\Debug\Cm3Start.o
                0x000009f4                IntDefaultHandler
 .text.Start_c  0x00000a04       0x4c .\CortexM3\ARM_GCC_541\Debug\Cm3Start.o
                0x00000a04                Start_c
 .text.initialize_psoc
                0x00000a50       0x6c .\CortexM3\ARM_GCC_541\Debug\Cm3Start.o
                0x00000a50                initialize_psoc
 .text.LED_red_Write
                0x00000abc       0x18 .\CortexM3\ARM_GCC_541\Debug\ElectronicGasPedal.a(LED_red.o)
                0x00000abc                LED_red_Write
 .text.LED_yellow_Write
                0x00000ad4       0x18 .\CortexM3\ARM_GCC_541\Debug\ElectronicGasPedal.a(LED_yellow.o)
                0x00000ad4                LED_yellow_Write
 .text.LED_green_Write
                0x00000aec       0x18 .\CortexM3\ARM_GCC_541\Debug\ElectronicGasPedal.a(LED_green.o)
                0x00000aec                LED_green_Write
 .text.UART_LOG_Init
                0x00000b04       0x28 .\CortexM3\ARM_GCC_541\Debug\ElectronicGasPedal.a(UART_LOG.o)
                0x00000b04                UART_LOG_Init
 .text.UART_LOG_Enable
                0x00000b2c       0x3c .\CortexM3\ARM_GCC_541\Debug\ElectronicGasPedal.a(UART_LOG.o)
                0x00000b2c                UART_LOG_Enable
 .text.UART_LOG_Start
                0x00000b68       0x1c .\CortexM3\ARM_GCC_541\Debug\ElectronicGasPedal.a(UART_LOG.o)
                0x00000b68                UART_LOG_Start
 .text.UART_LOG_PutChar
                0x00000b84       0x18 .\CortexM3\ARM_GCC_541\Debug\ElectronicGasPedal.a(UART_LOG.o)
                0x00000b84                UART_LOG_PutChar
 .text.RGB_PWM_red_Enable
                0x00000b9c       0x10 .\CortexM3\ARM_GCC_541\Debug\ElectronicGasPedal.a(RGB_PWM_red.o)
                0x00000b9c                RGB_PWM_red_Enable
 .text.RGB_PWM_red_WriteCounter
                0x00000bac        0xc .\CortexM3\ARM_GCC_541\Debug\ElectronicGasPedal.a(RGB_PWM_red.o)
                0x00000bac                RGB_PWM_red_WriteCounter
 .text.RGB_PWM_red_WritePeriod
                0x00000bb8        0xc .\CortexM3\ARM_GCC_541\Debug\ElectronicGasPedal.a(RGB_PWM_red.o)
                0x00000bb8                RGB_PWM_red_WritePeriod
 .text.RGB_PWM_red_WriteCompare
                0x00000bc4        0xc .\CortexM3\ARM_GCC_541\Debug\ElectronicGasPedal.a(RGB_PWM_red.o)
                0x00000bc4                RGB_PWM_red_WriteCompare
 .text.RGB_PWM_red_Init
                0x00000bd0       0x40 .\CortexM3\ARM_GCC_541\Debug\ElectronicGasPedal.a(RGB_PWM_red.o)
                0x00000bd0                RGB_PWM_red_Init
 .text.RGB_PWM_red_Start
                0x00000c10       0x1c .\CortexM3\ARM_GCC_541\Debug\ElectronicGasPedal.a(RGB_PWM_red.o)
                0x00000c10                RGB_PWM_red_Start
 .text.RGB_PWM_green_Enable
                0x00000c2c       0x10 .\CortexM3\ARM_GCC_541\Debug\ElectronicGasPedal.a(RGB_PWM_green.o)
                0x00000c2c                RGB_PWM_green_Enable
 .text.RGB_PWM_green_WriteCounter
                0x00000c3c        0xc .\CortexM3\ARM_GCC_541\Debug\ElectronicGasPedal.a(RGB_PWM_green.o)
                0x00000c3c                RGB_PWM_green_WriteCounter
 .text.RGB_PWM_green_WritePeriod
                0x00000c48        0xc .\CortexM3\ARM_GCC_541\Debug\ElectronicGasPedal.a(RGB_PWM_green.o)
                0x00000c48                RGB_PWM_green_WritePeriod
 .text.RGB_PWM_green_WriteCompare
                0x00000c54        0xc .\CortexM3\ARM_GCC_541\Debug\ElectronicGasPedal.a(RGB_PWM_green.o)
                0x00000c54                RGB_PWM_green_WriteCompare
 .text.RGB_PWM_green_Init
                0x00000c60       0x40 .\CortexM3\ARM_GCC_541\Debug\ElectronicGasPedal.a(RGB_PWM_green.o)
                0x00000c60                RGB_PWM_green_Init
 .text.RGB_PWM_green_Start
                0x00000ca0       0x1c .\CortexM3\ARM_GCC_541\Debug\ElectronicGasPedal.a(RGB_PWM_green.o)
                0x00000ca0                RGB_PWM_green_Start
 .text.RGB_PWM_blue_Enable
                0x00000cbc       0x10 .\CortexM3\ARM_GCC_541\Debug\ElectronicGasPedal.a(RGB_PWM_blue.o)
                0x00000cbc                RGB_PWM_blue_Enable
 .text.RGB_PWM_blue_WriteCounter
                0x00000ccc        0xc .\CortexM3\ARM_GCC_541\Debug\ElectronicGasPedal.a(RGB_PWM_blue.o)
                0x00000ccc                RGB_PWM_blue_WriteCounter
 .text.RGB_PWM_blue_WritePeriod
                0x00000cd8        0xc .\CortexM3\ARM_GCC_541\Debug\ElectronicGasPedal.a(RGB_PWM_blue.o)
                0x00000cd8                RGB_PWM_blue_WritePeriod
 .text.RGB_PWM_blue_WriteCompare
                0x00000ce4        0xc .\CortexM3\ARM_GCC_541\Debug\ElectronicGasPedal.a(RGB_PWM_blue.o)
                0x00000ce4                RGB_PWM_blue_WriteCompare
 .text.RGB_PWM_blue_Init
                0x00000cf0       0x40 .\CortexM3\ARM_GCC_541\Debug\ElectronicGasPedal.a(RGB_PWM_blue.o)
                0x00000cf0                RGB_PWM_blue_Init
 .text.RGB_PWM_blue_Start
                0x00000d30       0x1c .\CortexM3\ARM_GCC_541\Debug\ElectronicGasPedal.a(RGB_PWM_blue.o)
                0x00000d30                RGB_PWM_blue_Start
 .text.JOYSTICK_ADC_XY_Init
                0x00000d4c       0x3c .\CortexM3\ARM_GCC_541\Debug\ElectronicGasPedal.a(JOYSTICK_ADC_XY.o)
                0x00000d4c                JOYSTICK_ADC_XY_Init
 .text.JOYSTICK_ADC_XY_Enable
                0x00000d88       0xcc .\CortexM3\ARM_GCC_541\Debug\ElectronicGasPedal.a(JOYSTICK_ADC_XY.o)
                0x00000d88                JOYSTICK_ADC_XY_Enable
 .text.JOYSTICK_ADC_XY_Start
                0x00000e54       0x28 .\CortexM3\ARM_GCC_541\Debug\ElectronicGasPedal.a(JOYSTICK_ADC_XY.o)
                0x00000e54                JOYSTICK_ADC_XY_Start
 .text.JOYSTICK_ADC_XY_StartConvert
                0x00000e7c        0x8 .\CortexM3\ARM_GCC_541\Debug\ElectronicGasPedal.a(JOYSTICK_ADC_XY.o)
                0x00000e7c                JOYSTICK_ADC_XY_StartConvert
 .text.JOYSTICK_ADC_XY_IsEndConversion
                0x00000e84       0x18 .\CortexM3\ARM_GCC_541\Debug\ElectronicGasPedal.a(JOYSTICK_ADC_XY.o)
                0x00000e84                JOYSTICK_ADC_XY_IsEndConversion
 .text.JOYSTICK_ADC_XY_GetResult16
                0x00000e9c       0x1c .\CortexM3\ARM_GCC_541\Debug\ElectronicGasPedal.a(JOYSTICK_ADC_XY.o)
                0x00000e9c                JOYSTICK_ADC_XY_GetResult16
 .text.JOYSTICK_ADC_XY_ISR
                0x00000eb8        0x4 .\CortexM3\ARM_GCC_541\Debug\ElectronicGasPedal.a(JOYSTICK_ADC_XY_INT.o)
                0x00000eb8                JOYSTICK_ADC_XY_ISR
 .text.EE_oo_ActivateTask
                0x00000ebc       0xe8 .\CortexM3\ARM_GCC_541\Debug\ElectronicGasPedal.a(ErikaOS_ee_activate.o)
                0x00000ebc                EE_oo_ActivateTask
 .text.EE_oo_SetRelAlarm
                0x00000fa4       0x80 .\CortexM3\ARM_GCC_541\Debug\ElectronicGasPedal.a(ErikaOS_ee_alsetrel.o)
                0x00000fa4                EE_oo_SetRelAlarm
 .text.EE_oo_handle_action_callback
                0x00001024        0xc .\CortexM3\ARM_GCC_541\Debug\ElectronicGasPedal.a(ErikaOS_ee_altick.o)
 .text.EE_oo_handle_action_task
                0x00001030       0x4c .\CortexM3\ARM_GCC_541\Debug\ElectronicGasPedal.a(ErikaOS_ee_altick.o)
 .text.EE_oo_handle_action_event
                0x0000107c       0x60 .\CortexM3\ARM_GCC_541\Debug\ElectronicGasPedal.a(ErikaOS_ee_altick.o)
 .text.EE_oo_handle_action
                0x000010dc       0x28 .\CortexM3\ARM_GCC_541\Debug\ElectronicGasPedal.a(ErikaOS_ee_altick.o)
 .text.EE_oo_counter_object_insert
                0x00001104       0x9c .\CortexM3\ARM_GCC_541\Debug\ElectronicGasPedal.a(ErikaOS_ee_altick.o)
                0x00001104                EE_oo_counter_object_insert
 .text.EE_oo_IncrementCounterImplementation
                0x000011a0      0x100 .\CortexM3\ARM_GCC_541\Debug\ElectronicGasPedal.a(ErikaOS_ee_altick.o)
                0x000011a0                EE_oo_IncrementCounterImplementation
 .text.EE_oo_IncrementCounter
                0x000012a0       0xb0 .\CortexM3\ARM_GCC_541\Debug\ElectronicGasPedal.a(ErikaOS_ee_altick.o)
                0x000012a0                EE_oo_IncrementCounter
 .text.EE_oo_ClearEvent
                0x00001350       0x5c .\CortexM3\ARM_GCC_541\Debug\ElectronicGasPedal.a(ErikaOS_ee_evclear.o)
                0x00001350                EE_oo_ClearEvent
 .text.EE_oo_GetEvent
                0x000013ac       0x40 .\CortexM3\ARM_GCC_541\Debug\ElectronicGasPedal.a(ErikaOS_ee_evget.o)
                0x000013ac                EE_oo_GetEvent
 .text.EE_oo_SetEvent
                0x000013ec      0x100 .\CortexM3\ARM_GCC_541\Debug\ElectronicGasPedal.a(ErikaOS_ee_evset.o)
                0x000013ec                EE_oo_SetEvent
 .text.EE_oo_WaitEvent
                0x000014ec      0x110 .\CortexM3\ARM_GCC_541\Debug\ElectronicGasPedal.a(ErikaOS_ee_evwait.o)
                0x000014ec                EE_oo_WaitEvent
 .text.EE_IRQ_run_next_task
                0x000015fc       0x30 .\CortexM3\ARM_GCC_541\Debug\ElectronicGasPedal.a(ErikaOS_ee_irqendin.o)
 .text.EE_IRQ_end_instance
                0x0000162c       0x68 .\CortexM3\ARM_GCC_541\Debug\ElectronicGasPedal.a(ErikaOS_ee_irqendin.o)
                0x0000162c                EE_IRQ_end_instance
 .text.EE_IRQ_end_post_stub
                0x00001694       0x14 .\CortexM3\ARM_GCC_541\Debug\ElectronicGasPedal.a(ErikaOS_ee_irqendin.o)
                0x00001694                EE_IRQ_end_post_stub
 .text.EE_rq2stk_exchange
                0x000016a8       0x88 .\CortexM3\ARM_GCC_541\Debug\ElectronicGasPedal.a(ErikaOS_ee_rq_exchg.o)
                0x000016a8                EE_rq2stk_exchange
 .text.EE_rq_queryfirst
                0x00001730       0x44 .\CortexM3\ARM_GCC_541\Debug\ElectronicGasPedal.a(ErikaOS_ee_rq_first.o)
                0x00001730                EE_rq_queryfirst
 .text.EE_rq_insert
                0x00001774       0x74 .\CortexM3\ARM_GCC_541\Debug\ElectronicGasPedal.a(ErikaOS_ee_rq_inser.o)
                0x00001774                EE_rq_insert
 .text.compute_task_tid
                0x000017e8       0x10 .\CortexM3\ARM_GCC_541\Debug\ElectronicGasPedal.a(ErikaOS_ee_startos.o)
 .text.EE_oo_start_os
                0x000017f8        0xc .\CortexM3\ARM_GCC_541\Debug\ElectronicGasPedal.a(ErikaOS_ee_startos.o)
 .text.EE_oo_autostart_tasks
                0x00001804       0x60 .\CortexM3\ARM_GCC_541\Debug\ElectronicGasPedal.a(ErikaOS_ee_startos.o)
 .text.EE_oo_autostart_os
                0x00001864        0xc .\CortexM3\ARM_GCC_541\Debug\ElectronicGasPedal.a(ErikaOS_ee_startos.o)
 .text.EE_oo_StartOS
                0x00001870       0x8c .\CortexM3\ARM_GCC_541\Debug\ElectronicGasPedal.a(ErikaOS_ee_startos.o)
                0x00001870                EE_oo_StartOS
 .text.EE_oo_TerminateTask
                0x000018fc       0x3c .\CortexM3\ARM_GCC_541\Debug\ElectronicGasPedal.a(ErikaOS_ee_terminat.o)
                0x000018fc                EE_oo_TerminateTask
 .text.EE_system_init
                0x00001938       0x20 .\CortexM3\ARM_GCC_541\Debug\ElectronicGasPedal.a(ErikaOS_cortex_mx_ee_utils.o)
                0x00001938                EE_system_init
 .text.UART_LOG_IntClock_Start
                0x00001958       0x1c .\CortexM3\ARM_GCC_541\Debug\ElectronicGasPedal.a(UART_LOG_IntClock.o)
                0x00001958                UART_LOG_IntClock_Start
 .text.JOYSTICK_ADC_XY_SAR_CalcGain
                0x00001974       0x64 .\CortexM3\ARM_GCC_541\Debug\ElectronicGasPedal.a(JOYSTICK_ADC_XY_SAR.o)
 .text.JOYSTICK_ADC_XY_SAR_Enable
                0x000019d8       0x78 .\CortexM3\ARM_GCC_541\Debug\ElectronicGasPedal.a(JOYSTICK_ADC_XY_SAR.o)
                0x000019d8                JOYSTICK_ADC_XY_SAR_Enable
 .text.JOYSTICK_ADC_XY_SAR_SetResolution
                0x00001a50       0x38 .\CortexM3\ARM_GCC_541\Debug\ElectronicGasPedal.a(JOYSTICK_ADC_XY_SAR.o)
                0x00001a50                JOYSTICK_ADC_XY_SAR_SetResolution
 .text.JOYSTICK_ADC_XY_SAR_Init
                0x00001a88       0x24 .\CortexM3\ARM_GCC_541\Debug\ElectronicGasPedal.a(JOYSTICK_ADC_XY_SAR.o)
                0x00001a88                JOYSTICK_ADC_XY_SAR_Init
 .text.JOYSTICK_ADC_XY_SAR_Start
                0x00001aac       0x1c .\CortexM3\ARM_GCC_541\Debug\ElectronicGasPedal.a(JOYSTICK_ADC_XY_SAR.o)
                0x00001aac                JOYSTICK_ADC_XY_SAR_Start
 .text.JOYSTICK_ADC_XY_SAR_StartConvert
                0x00001ac8       0x10 .\CortexM3\ARM_GCC_541\Debug\ElectronicGasPedal.a(JOYSTICK_ADC_XY_SAR.o)
                0x00001ac8                JOYSTICK_ADC_XY_SAR_StartConvert
 .text.JOYSTICK_ADC_XY_TempBuf_DmaInitialize
                0x00001ad8       0x3c .\CortexM3\ARM_GCC_541\Debug\ElectronicGasPedal.a(JOYSTICK_ADC_XY_TempBuf_dma.o)
                0x00001ad8                JOYSTICK_ADC_XY_TempBuf_DmaInitialize
 .text.JOYSTICK_ADC_XY_FinalBuf_DmaInitialize
                0x00001b14       0x3c .\CortexM3\ARM_GCC_541\Debug\ElectronicGasPedal.a(JOYSTICK_ADC_XY_FinalBuf_dma.o)
                0x00001b14                JOYSTICK_ADC_XY_FinalBuf_DmaInitialize
 .text.JOYSTICK_ADC_XY_IRQ_SetVector
                0x00001b50        0xc .\CortexM3\ARM_GCC_541\Debug\ElectronicGasPedal.a(JOYSTICK_ADC_XY_IRQ.o)
                0x00001b50                JOYSTICK_ADC_XY_IRQ_SetVector
 .text.JOYSTICK_ADC_XY_IRQ_SetPriority
                0x00001b5c       0x10 .\CortexM3\ARM_GCC_541\Debug\ElectronicGasPedal.a(JOYSTICK_ADC_XY_IRQ.o)
                0x00001b5c                JOYSTICK_ADC_XY_IRQ_SetPriority
 .text.CyDmacConfigure
                0x00001b6c       0x34 .\CortexM3\ARM_GCC_541\Debug\ElectronicGasPedal.a(CyDmac.o)
                0x00001b6c                CyDmacConfigure
 .text.CyDmaChEnable
                0x00001ba0       0x38 .\CortexM3\ARM_GCC_541\Debug\ElectronicGasPedal.a(CyDmac.o)
                0x00001ba0                CyDmaChEnable
 .text.CyDmaClearPendingDrq
                0x00001bd8       0x28 .\CortexM3\ARM_GCC_541\Debug\ElectronicGasPedal.a(CyDmac.o)
                0x00001bd8                CyDmaClearPendingDrq
 .text.CyDmaChPriority
                0x00001c00       0x24 .\CortexM3\ARM_GCC_541\Debug\ElectronicGasPedal.a(CyDmac.o)
                0x00001c00                CyDmaChPriority
 .text.CyDmaChSetExtendedAddress
                0x00001c24       0x34 .\CortexM3\ARM_GCC_541\Debug\ElectronicGasPedal.a(CyDmac.o)
                0x00001c24                CyDmaChSetExtendedAddress
 .text.CyDmaChSetInitialTd
                0x00001c58       0x18 .\CortexM3\ARM_GCC_541\Debug\ElectronicGasPedal.a(CyDmac.o)
                0x00001c58                CyDmaChSetInitialTd
 .text.CyDmaChSetConfiguration
                0x00001c70       0x44 .\CortexM3\ARM_GCC_541\Debug\ElectronicGasPedal.a(CyDmac.o)
                0x00001c70                CyDmaChSetConfiguration
 .text.CyDmaTdAllocate
                0x00001cb4       0x34 .\CortexM3\ARM_GCC_541\Debug\ElectronicGasPedal.a(CyDmac.o)
                0x00001cb4                CyDmaTdAllocate
 .text.CyDmaTdSetConfiguration
                0x00001ce8       0x28 .\CortexM3\ARM_GCC_541\Debug\ElectronicGasPedal.a(CyDmac.o)
                0x00001ce8                CyDmaTdSetConfiguration
 .text.CyDmaTdSetAddress
                0x00001d10       0x1c .\CortexM3\ARM_GCC_541\Debug\ElectronicGasPedal.a(CyDmac.o)
                0x00001d10                CyDmaTdSetAddress
 .text.CyHalt   0x00001d2c        0x4 .\CortexM3\ARM_GCC_541\Debug\ElectronicGasPedal.a(CyLib.o)
                0x00001d2c                CyHalt
 .text.CyDelayUs
                0x00001d30       0x14 .\CortexM3\ARM_GCC_541\Debug\ElectronicGasPedal.a(CyLib.o)
                0x00001d30                CyDelayUs
 .text          0x00001d44       0x7c .\CortexM3\ARM_GCC_541\Debug\ElectronicGasPedal.a(ErikaOS_ee_gnu_change_context_isr.o)
                0x00001d44                EE_set_switch_context_pri
                0x00001d5e                EE_switch_context
                0x00001d68                EE_cortex_mx_pendsv_ISR
                0x00001da4                EE_cortex_mx_svc_ISR
 .text          0x00001dc0       0x24 .\CortexM3\ARM_GCC_541\Debug\ElectronicGasPedal.a(ErikaOS_ee_gnu_irq_stack.o)
                0x00001dc0                EE_cortex_mx_change_IRQ_stack
                0x00001dd2                EE_cortex_mx_change_IRQ_stack_back
 .text          0x00001de4       0x68 .\CortexM3\ARM_GCC_541\Debug\ElectronicGasPedal.a(ErikaOS_ee_gnu_multi_context.o)
                0x00001de4                EE_cortex_mx_change_context
 .text          0x00001e4c       0x80 .\CortexM3\ARM_GCC_541\Debug\ElectronicGasPedal.a(ErikaOS_ee_gnu_oo.o)
                0x00001e4c                EE_hal_terminate_savestk
                0x00001e96                EE_hal_terminate_task
 *fill*         0x00001ecc        0x4 
 .text          0x00001ed0       0x20 .\CortexM3\ARM_GCC_541\Debug\ElectronicGasPedal.a(CyBootAsmGnu.o)
                0x00001ed0                CyDelayCycles
                0x00001ee0                CyEnterCriticalSection
                0x00001ee8                CyExitCriticalSection
 .text.EE_thread_not_terminated
                0x00001ef0       0x10 .\CortexM3\ARM_GCC_541\Debug\ElectronicGasPedal.a(ErikaOS_ee_tnterm.o)
                0x00001ef0                EE_thread_not_terminated
 .text.EE_oo_thread_stub
                0x00001f00       0x10 .\CortexM3\ARM_GCC_541\Debug\ElectronicGasPedal.a(ErikaOS_ee_tstub.o)
                0x00001f00                EE_oo_thread_stub
 .text.EE_std_run_task_code
                0x00001f10       0x18 .\CortexM3\ARM_GCC_541\Debug\ElectronicGasPedal.a(ErikaOS_cortex_mx_ee_context.o)
                0x00001f10                EE_std_run_task_code
 .text.EE_std_need_context_change
                0x00001f28       0x28 .\CortexM3\ARM_GCC_541\Debug\ElectronicGasPedal.a(ErikaOS_cortex_mx_ee_context.o)
                0x00001f28                EE_std_need_context_change
 .text.EE_thread_rnact_max
                0x00001f50       0x20 .\CortexM3\ARM_GCC_541\Debug\ElectronicGasPedal.a(ErikaOS_ee_thendin.o)
 .text.EE_thread_endcycle_next
                0x00001f70       0x30 .\CortexM3\ARM_GCC_541\Debug\ElectronicGasPedal.a(ErikaOS_ee_thendin.o)
 .text.EE_thread_end_instance
                0x00001fa0      0x108 .\CortexM3\ARM_GCC_541\Debug\ElectronicGasPedal.a(ErikaOS_ee_thendin.o)
                0x00001fa0                EE_thread_end_instance
 .text.__errno  0x000020a8        0xc c:/program files (x86)/cypress/psoc creator/4.4/psoc creator/import/gnu/arm/5.4.1/bin/../lib/gcc/arm-none-eabi/5.4.1/../../../../arm-none-eabi/lib/armv7-m\libg_nano.a(lib_a-errno.o)
                0x000020a8                __errno
 .text.__libc_init_array
                0x000020b4       0x4c c:/program files (x86)/cypress/psoc creator/4.4/psoc creator/import/gnu/arm/5.4.1/bin/../lib/gcc/arm-none-eabi/5.4.1/../../../../arm-none-eabi/lib/armv7-m\libg_nano.a(lib_a-init.o)
                0x000020b4                __libc_init_array
 .text.memcpy   0x00002100       0x16 c:/program files (x86)/cypress/psoc creator/4.4/psoc creator/import/gnu/arm/5.4.1/bin/../lib/gcc/arm-none-eabi/5.4.1/../../../../arm-none-eabi/lib/armv7-m\libg_nano.a(lib_a-memcpy-stub.o)
                0x00002100                memcpy
 .text.memset   0x00002116       0x10 c:/program files (x86)/cypress/psoc creator/4.4/psoc creator/import/gnu/arm/5.4.1/bin/../lib/gcc/arm-none-eabi/5.4.1/../../../../arm-none-eabi/lib/armv7-m\libg_nano.a(lib_a-memset.o)
                0x00002116                memset
 *(.plt)
 *(.gnu.warning)
 *(.glue_7t)
 .glue_7t       0x00002126        0x0 linker stubs
 *(.glue_7)
 .glue_7        0x00002126        0x0 linker stubs
 *(.vfp11_veneer)
 .vfp11_veneer  0x00002126        0x0 linker stubs
 *(.bootloader)
 *(.ARM.extab* .gnu.linkonce.armextab.*)
 *(.gcc_except_table)

.v4_bx          0x00002128        0x0
 .v4_bx         0x00002128        0x0 linker stubs

.iplt           0x00002128        0x0
 .iplt          0x00002128        0x0 c:/program files (x86)/cypress/psoc creator/4.4/psoc creator/import/gnu/arm/5.4.1/bin/../lib/gcc/arm-none-eabi/5.4.1/armv7-m/crtbegin.o

.eh_frame_hdr
 *(.eh_frame_hdr)

.eh_frame       0x00002128        0x4
 *(.eh_frame)
 .eh_frame      0x00002128        0x0 c:/program files (x86)/cypress/psoc creator/4.4/psoc creator/import/gnu/arm/5.4.1/bin/../lib/gcc/arm-none-eabi/5.4.1/armv7-m/crtbegin.o
 .eh_frame      0x00002128        0x4 c:/program files (x86)/cypress/psoc creator/4.4/psoc creator/import/gnu/arm/5.4.1/bin/../lib/gcc/arm-none-eabi/5.4.1/armv7-m/crtend.o
                [!provide]                PROVIDE (__exidx_start, .)

.ARM.exidx
 *(.ARM.exidx* .gnu.linkonce.armexidx.*)
                0x0000212c                __exidx_end = .

.rodata         0x0000212c      0x514
 *(.rodata .rodata.* .gnu.linkonce.r.*)
 .rodata        0x0000212c        0xc .\CortexM3\ARM_GCC_541\Debug\tsk_control.o
                0x0000212c                RTE_eventActivationTable_tsk_control
                0x00002134                RTE_eventActivation_tsk_control_size
                0x00002136                RTE_cyclicActivation_tsk_control_size
                0x00002138                RTE_cyclicActivationTable_tsk_control
 .rodata        0x00002138       0x12 .\CortexM3\ARM_GCC_541\Debug\tsk_io.o
                0x00002138                RTE_cyclicActivationTable_tsk_io
                0x00002148                RTE_cyclicActivation_tsk_io_size
 *fill*         0x0000214a        0x2 
 .rodata        0x0000214c      0x200 .\CortexM3\ARM_GCC_541\Debug\led.o
 .rodata        0x0000234c       0x58 .\CortexM3\ARM_GCC_541\Debug\sp_common.o
                0x00002374                so_targetspeed_updTasks
                0x000023a0                so_joystick_updTasks
 .rodata        0x000023a4       0x36 .\CortexM3\ARM_GCC_541\Debug\cyfitter_cfg.o
 *fill*         0x000023da        0x2 
 .rodata        0x000023dc      0x100 .\CortexM3\ARM_GCC_541\Debug\ElectronicGasPedal.a(ErikaOS_ee_lookup.o)
                0x000023dc                EE_rq_lookup
 .rodata        0x000024dc       0xbc .\CortexM3\ARM_GCC_541\Debug\ElectronicGasPedal.a(ErikaOS_eecfg.o)
                0x000024dc                EE_oo_autostart_task_data
                0x000024e8                EE_oo_action_ROM
                0x000024fc                EE_oo_counter_object_ROM
                0x00002508                EE_ALARM_ID
                0x0000250c                EE_alarm_ROM
                0x00002510                EE_counter_ROM
                0x0000251c                EE_th_is_extended
                0x0000252c                EE_th_rnact_max
                0x0000253c                EE_th_dispatch_prio
                0x0000254c                EE_EVENT_ID
                0x00002554                EE_th_ready_prio
                0x00002564                EE_terminate_real_th_body
                0x00002574                EE_hal_thread_body
                0x00002584                EE_std_thread_tos
 .rodata.str1.4
                0x00002598       0x6c .\CortexM3\ARM_GCC_541\Debug\ElectronicGasPedal.a(ErikaOS_eecfg.o)
 .rodata.str1.1
                0x00002604        0x2 c:/program files (x86)/cypress/psoc creator/4.4/psoc creator/import/gnu/arm/5.4.1/bin/../lib/gcc/arm-none-eabi/5.4.1/../../../../arm-none-eabi/lib/armv7-m\libg_nano.a(lib_a-impure.o)
                0x00002608                . = ALIGN (0x4)
 *fill*         0x00002606        0x2 
 *(.init)
 .init          0x00002608        0x4 c:/program files (x86)/cypress/psoc creator/4.4/psoc creator/import/gnu/arm/5.4.1/bin/../lib/gcc/arm-none-eabi/5.4.1/armv7-m/crti.o
                0x00002608                _init
 .init          0x0000260c        0x8 c:/program files (x86)/cypress/psoc creator/4.4/psoc creator/import/gnu/arm/5.4.1/bin/../lib/gcc/arm-none-eabi/5.4.1/armv7-m/crtn.o
                0x00002614                . = ALIGN (0x4)
                0x00002614                __preinit_array_start = .
 *(.preinit_array)
                0x00002614                __preinit_array_end = .
                0x00002614                . = ALIGN (0x4)
                0x00002614                __init_array_start = .
 *(SORT(.init_array.*))
 *(.init_array)
 .init_array    0x00002614        0x4 c:/program files (x86)/cypress/psoc creator/4.4/psoc creator/import/gnu/arm/5.4.1/bin/../lib/gcc/arm-none-eabi/5.4.1/armv7-m/crtbegin.o
 .init_array    0x00002618        0x4 .\CortexM3\ARM_GCC_541\Debug\Cm3Start.o
                0x0000261c                __init_array_end = .
                0x0000261c                . = ALIGN (0x4)
 *(.fini)
 .fini          0x0000261c        0x4 c:/program files (x86)/cypress/psoc creator/4.4/psoc creator/import/gnu/arm/5.4.1/bin/../lib/gcc/arm-none-eabi/5.4.1/armv7-m/crti.o
                0x0000261c                _fini
 .fini          0x00002620        0x8 c:/program files (x86)/cypress/psoc creator/4.4/psoc creator/import/gnu/arm/5.4.1/bin/../lib/gcc/arm-none-eabi/5.4.1/armv7-m/crtn.o
                0x00002628                . = ALIGN (0x4)
                0x00002628                __fini_array_start = .
 *(.fini_array)
 .fini_array    0x00002628        0x4 c:/program files (x86)/cypress/psoc creator/4.4/psoc creator/import/gnu/arm/5.4.1/bin/../lib/gcc/arm-none-eabi/5.4.1/armv7-m/crtbegin.o
 *(SORT(.fini_array.*))
                0x0000262c                __fini_array_end = .
                0x0000262c                . = ALIGN (0x4)
 *crtbegin.o(.ctors)
 *(EXCLUDE_FILE(*crtend.o) .ctors)
 *(SORT(.ctors.*))
 *crtend.o(.ctors)
                0x0000262c                . = ALIGN (0x4)
 *crtbegin.o(.dtors)
 *(EXCLUDE_FILE(*crtend.o) .dtors)
 *(SORT(.dtors.*))
 *crtend.o(.dtors)
                0x0000262c                . = ALIGN (0x4)
                0x0000262c                __cy_regions = .
                0x0000262c        0x4 LONG 0x2640 __cy_region_init_ram
                0x00002630        0x4 LONG 0x1fff80c8 __cy_region_start_data
                0x00002634        0x4 LONG 0x1c0 __cy_region_init_size_ram
                0x00002638        0x4 LONG 0xaa0 __cy_region_zero_size_ram
                0x0000263c                __cy_regions_end = .
                0x00002640                . = ALIGN (0x8)
 *fill*         0x0000263c        0x4 
                0x00002640                _etext = .

.cy_checksum_exclude
                0x00002640        0x0
 *(.cy_checksum_exclude)

.ramvectors     0x1fff8000       0xc0
                0x1fff8000                __cy_region_start_ram = .
 *(.ramvectors)
 .ramvectors    0x1fff8000       0xc0 .\CortexM3\ARM_GCC_541\Debug\Cm3Start.o
                0x1fff8000                CyRamVectors

.noinit         0x1fff80c0        0x1
 *(.noinit)
 .noinit        0x1fff80c0        0x1 .\CortexM3\ARM_GCC_541\Debug\ElectronicGasPedal.a(CyLib.o)
                0x1fff80c0                CyResetStatus

.data           0x1fff80c8      0x1c0 load address 0x00002640
                0x1fff80c8                __cy_region_start_data = .
 *(.jcr)
 .jcr           0x1fff80c8        0x0 c:/program files (x86)/cypress/psoc creator/4.4/psoc creator/import/gnu/arm/5.4.1/bin/../lib/gcc/arm-none-eabi/5.4.1/armv7-m/crtbegin.o
 .jcr           0x1fff80c8        0x4 c:/program files (x86)/cypress/psoc creator/4.4/psoc creator/import/gnu/arm/5.4.1/bin/../lib/gcc/arm-none-eabi/5.4.1/armv7-m/crtend.o
 *(.got.plt)
 *(.got)
 *(.shdata)
 *(.data .data.* .gnu.linkonce.d.*)
 .data          0x1fff80cc       0x1c .\CortexM3\ARM_GCC_541\Debug\sp_common.o
                0x1fff80cc                SO_JOYSTICK_signal
                0x1fff80d8                SO_TARGETSPEED_signal
 .data          0x1fff80e8        0x2 .\CortexM3\ARM_GCC_541\Debug\ElectronicGasPedal.a(JOYSTICK_ADC_XY.o)
 *fill*         0x1fff80ea        0x2 
 .data          0x1fff80ec      0x118 .\CortexM3\ARM_GCC_541\Debug\ElectronicGasPedal.a(ErikaOS_eecfg.o)
                0x1fff80ec                EE_ALARM_NAME
                0x1fff80f0                EE_counter_RAM
                0x1fff80f8                EE_th_terminate_nextask
                0x1fff8108                EE_rq_pairs_next
                0x1fff8118                EE_rq_link
                0x1fff8128                EE_th_rnact
                0x1fff8138                EE_rq_queues_tail
                0x1fff8178                EE_rq_queues_head
                0x1fff81b8                EE_stkfirst
                0x1fff81bc                EE_th_next
                0x1fff81cc                EE_th_status
                0x1fff81dc                EE_EVENT_NAME
                0x1fff81e4                EE_TASK_NAME
                0x1fff81f4                EE_cortex_mx_IRQ_tos
                0x1fff81f8                EE_cortex_mx_system_tos
 .data          0x1fff8204        0x1 .\CortexM3\ARM_GCC_541\Debug\ElectronicGasPedal.a(JOYSTICK_ADC_XY_TempBuf_dma.o)
                0x1fff8204                JOYSTICK_ADC_XY_TempBuf_DmaHandle
 .data          0x1fff8205        0x1 .\CortexM3\ARM_GCC_541\Debug\ElectronicGasPedal.a(JOYSTICK_ADC_XY_FinalBuf_dma.o)
                0x1fff8205                JOYSTICK_ADC_XY_FinalBuf_DmaHandle
 *fill*         0x1fff8206        0x2 
 .data          0x1fff8208        0x8 .\CortexM3\ARM_GCC_541\Debug\ElectronicGasPedal.a(CyDmac.o)
 .data          0x1fff8210       0x10 .\CortexM3\ARM_GCC_541\Debug\ElectronicGasPedal.a(CyLib.o)
                0x1fff8210                cydelay_32k_ms
                0x1fff8214                cydelay_freq_khz
                0x1fff8218                cydelay_freq_mhz
                0x1fff821c                cydelay_freq_hz
 .data          0x1fff8220        0x4 .\CortexM3\ARM_GCC_541\Debug\ElectronicGasPedal.a(ErikaOS_ee_gnu_irq_stack.o)
 .data.impure_data
                0x1fff8224       0x60 c:/program files (x86)/cypress/psoc creator/4.4/psoc creator/import/gnu/arm/5.4.1/bin/../lib/gcc/arm-none-eabi/5.4.1/../../../../arm-none-eabi/lib/armv7-m\libg_nano.a(lib_a-impure.o)
 .data._impure_ptr
                0x1fff8284        0x4 c:/program files (x86)/cypress/psoc creator/4.4/psoc creator/import/gnu/arm/5.4.1/bin/../lib/gcc/arm-none-eabi/5.4.1/../../../../arm-none-eabi/lib/armv7-m\libg_nano.a(lib_a-impure.o)
                0x1fff8284                _impure_ptr
                0x1fff8288                . = ALIGN (0x8)
 *(.ram)
                0x1fff8288                _edata = .

.igot.plt       0x1fff8288        0x0 load address 0x00002800
 .igot.plt      0x1fff8288        0x0 c:/program files (x86)/cypress/psoc creator/4.4/psoc creator/import/gnu/arm/5.4.1/bin/../lib/gcc/arm-none-eabi/5.4.1/armv7-m/crtbegin.o

.bss            0x1fff8288      0xaa0 load address 0x00002800
                0x1fff8288                PROVIDE (__bss_start__, .)
 *(.shbss)
 *(.bss .bss.* .gnu.linkonce.b.*)
 .bss           0x1fff8288       0x1c c:/program files (x86)/cypress/psoc creator/4.4/psoc creator/import/gnu/arm/5.4.1/bin/../lib/gcc/arm-none-eabi/5.4.1/armv7-m/crtbegin.o
 .bss           0x1fff82a4        0x4 .\CortexM3\ARM_GCC_541\Debug\tsk_io.o
 .bss           0x1fff82a8        0x3 .\CortexM3\ARM_GCC_541\Debug\led.o
 .bss           0x1fff82ab        0x2 .\CortexM3\ARM_GCC_541\Debug\ElectronicGasPedal.a(UART_LOG.o)
                0x1fff82ab                UART_LOG_initVar
 .bss           0x1fff82ad        0x1 .\CortexM3\ARM_GCC_541\Debug\ElectronicGasPedal.a(RGB_PWM_red.o)
                0x1fff82ad                RGB_PWM_red_initVar
 .bss           0x1fff82ae        0x1 .\CortexM3\ARM_GCC_541\Debug\ElectronicGasPedal.a(RGB_PWM_green.o)
                0x1fff82ae                RGB_PWM_green_initVar
 .bss           0x1fff82af        0x1 .\CortexM3\ARM_GCC_541\Debug\ElectronicGasPedal.a(RGB_PWM_blue.o)
                0x1fff82af                RGB_PWM_blue_initVar
 .bss           0x1fff82b0        0xc .\CortexM3\ARM_GCC_541\Debug\ElectronicGasPedal.a(JOYSTICK_ADC_XY.o)
                0x1fff82b8                JOYSTICK_ADC_XY_initVar
 .bss           0x1fff82bc       0x40 .\CortexM3\ARM_GCC_541\Debug\ElectronicGasPedal.a(ErikaOS_eecfg.o)
                0x1fff82bc                EE_th_waswaiting
                0x1fff82cc                EE_th_event_waitmask
                0x1fff82dc                EE_th_event_active
                0x1fff82ec                EE_rq_free
                0x1fff82f0                EE_rq_bitmask
                0x1fff82f4                EE_sys_ceiling
                0x1fff82f8                EE_cortex_mx_active_tos
 .bss           0x1fff82fc        0x1 .\CortexM3\ARM_GCC_541\Debug\ElectronicGasPedal.a(JOYSTICK_ADC_XY_SAR.o)
                0x1fff82fc                JOYSTICK_ADC_XY_SAR_initVar
 *(COMMON)
 *fill*         0x1fff82fd        0x3 
 COMMON         0x1fff8300        0x4 .\CortexM3\ARM_GCC_541\Debug\ElectronicGasPedal.a(JOYSTICK_ADC_XY.o)
                0x1fff8300                JOYSTICK_ADC_XY_finalArray
 COMMON         0x1fff8304        0x8 .\CortexM3\ARM_GCC_541\Debug\ElectronicGasPedal.a(ErikaOS_ee_lookup.o)
                0x1fff8304                EE_oo_IRQ_disable_count
                0x1fff8308                EE_oo_IRQ_suspend_status
 COMMON         0x1fff830c        0x4 .\CortexM3\ARM_GCC_541\Debug\ElectronicGasPedal.a(ErikaOS_ee_startos.o)
                0x1fff830c                EE_oo_started
 COMMON         0x1fff8310        0x8 .\CortexM3\ARM_GCC_541\Debug\ElectronicGasPedal.a(ErikaOS_common_ee_hal_structs.o)
                0x1fff8310                EE_IRQ_nesting_level
                0x1fff8314                EE_std_endcycle_next_tid
 COMMON         0x1fff8318      0xa04 .\CortexM3\ARM_GCC_541\Debug\ElectronicGasPedal.a(ErikaOS_eecfg.o)
                0x1fff8318                EE_cortex_mx_stack_3
                0x1fff8700                EE_rq_pairs_tid
                0x1fff8710                EE_terminate_data
                0x1fff8720                EE_oo_counter_object_RAM
                0x1fff8730                EE_ApplicationMode
                0x1fff8734                EE_cortex_mx_stack_4
                0x1fff8b1c                EE_cortex_mx_stack_9
 COMMON         0x1fff8d1c        0xc .\CortexM3\ARM_GCC_541\Debug\ElectronicGasPedal.a(JOYSTICK_ADC_XY_SAR.o)
                0x1fff8d1c                JOYSTICK_ADC_XY_SAR_offset
                0x1fff8d1e                JOYSTICK_ADC_XY_SAR_countsPerVolt
                0x1fff8d20                JOYSTICK_ADC_XY_SAR_shift
                0x1fff8d24                JOYSTICK_ADC_XY_SAR_countsPer10Volt
                0x1fff8d28                . = ALIGN (0x8)
 *(.ram.b)
                0x1fff8d28                _end = .
                0x1fff8d28                __end = .
                0x1fff8d28                PROVIDE (end, .)
                0x1fff8d28                PROVIDE (__bss_end__, .)
                0x00002640                __cy_region_init_ram = LOADADDR (.data)
                0x000001c0                __cy_region_init_size_ram = (_edata - ADDR (.data))
                0x00000aa0                __cy_region_zero_size_ram = (_end - _edata)

.heap           0x1fff8d28       0x80 load address 0x00002800
                0x1fff8d28                . = _end
                0x1fff8da8                . = (. + 0x80)
 *fill*         0x1fff8d28       0x80 
                0x1fff8da8                __cy_heap_limit = .

.stack          0x20007800      0x800
                0x20007800                __cy_stack_limit = .
                0x20008000                . = (. + 0x800)
 *fill*         0x20007800      0x800 
                0x00000001                ASSERT ((__cy_stack_limit >= __cy_heap_limit), region RAM overflowed with stack)
                0x00000000                cy_checksum_exclude_size = (CY_APPL_LOADABLE == 0x1)?SIZEOF (.cy_checksum_exclude):0x0
                0x00000001                ASSERT ((cy_checksum_exclude_size <= CY_CHECKSUM_EXCLUDE_SIZE), CY_BOOT: Section .cy_checksum_exclude size exceedes specified limit.)

.cyloadermeta
 *(.cyloadermeta)

.cyloadablemeta
 *(.cyloadablemeta)

.cyconfigecc    0x80000000      0xdb0
 *(.cyconfigecc)
 .cyconfigecc   0x80000000      0xdb0 .\CortexM3\ARM_GCC_541\Debug\cymetadata.o
                0x80000000                cy_meta_configecc

.cycustnvl      0x90000000        0x4
 *(.cycustnvl)
 .cycustnvl     0x90000000        0x4 .\CortexM3\ARM_GCC_541\Debug\cymetadata.o
                0x90000000                cy_meta_custnvl

.cywolatch      0x90100000        0x4
 *(.cywolatch)
 .cywolatch     0x90100000        0x4 .\CortexM3\ARM_GCC_541\Debug\cymetadata.o
                0x90100000                cy_meta_wonvl

.cyeeprom       0x90200000        0x0
 *(.cyeeprom)
                0x00000001                ASSERT ((. <= ((0x90200000 + ee_offset) + ee_size)), .cyeeprom data will not fit in EEPROM)

.cyflashprotect
                0x90400000      0x100
 *(.cyflashprotect)
 .cyflashprotect
                0x90400000      0x100 .\CortexM3\ARM_GCC_541\Debug\cymetadata.o
                0x90400000                cy_meta_flashprotect

.cymeta         0x90500000        0xc
 *(.cymeta)
 .cymeta        0x90500000        0xc .\CortexM3\ARM_GCC_541\Debug\cymetadata.o
                0x90500000                cy_metadata

.rel.dyn        0x00002800        0x0 load address 0x9050000c
 .rel.iplt      0x00002800        0x0 c:/program files (x86)/cypress/psoc creator/4.4/psoc creator/import/gnu/arm/5.4.1/bin/../lib/gcc/arm-none-eabi/5.4.1/armv7-m/crtbegin.o

.stab
 *(.stab)

.stabstr
 *(.stabstr)

.debug
 *(.debug)

.line
 *(.line)

.debug_srcinfo
 *(.debug_srcinfo)

.debug_sfnames
 *(.debug_sfnames)

.debug_aranges  0x00000000     0x1d58
 *(.debug_aranges)
 .debug_aranges
                0x00000000       0x48 .\CortexM3\ARM_GCC_541\Debug\main.o
 .debug_aranges
                0x00000048       0x20 .\CortexM3\ARM_GCC_541\Debug\swc_control.o
 .debug_aranges
                0x00000068       0x28 .\CortexM3\ARM_GCC_541\Debug\swc_engine.o
 .debug_aranges
                0x00000090       0x20 .\CortexM3\ARM_GCC_541\Debug\swc_joystick.o
 .debug_aranges
                0x000000b0       0x20 .\CortexM3\ARM_GCC_541\Debug\tsk_control.o
 .debug_aranges
                0x000000d0       0x20 .\CortexM3\ARM_GCC_541\Debug\tsk_io.o
 .debug_aranges
                0x000000f0       0x30 .\CortexM3\ARM_GCC_541\Debug\trcStreamingPort.o
 .debug_aranges
                0x00000120       0x78 .\CortexM3\ARM_GCC_541\Debug\trcKernelPort.o
 .debug_aranges
                0x00000198       0x18 .\CortexM3\ARM_GCC_541\Debug\trcSnapshotRecorder.o
 .debug_aranges
                0x000001b0      0x188 .\CortexM3\ARM_GCC_541\Debug\trcStreamingRecorder.o
 .debug_aranges
                0x00000338       0x28 .\CortexM3\ARM_GCC_541\Debug\button.o
 .debug_aranges
                0x00000360       0x28 .\CortexM3\ARM_GCC_541\Debug\joystick.o
 .debug_aranges
                0x00000388       0x38 .\CortexM3\ARM_GCC_541\Debug\led.o
 .debug_aranges
                0x000003c0       0x48 .\CortexM3\ARM_GCC_541\Debug\seven.o
 .debug_aranges
                0x00000408       0x28 .\CortexM3\ARM_GCC_541\Debug\logging.o
 .debug_aranges
                0x00000430      0x178 .\CortexM3\ARM_GCC_541\Debug\tft.o
 .debug_aranges
                0x000005a8       0x28 .\CortexM3\ARM_GCC_541\Debug\rte.o
 .debug_aranges
                0x000005d0       0x20 .\CortexM3\ARM_GCC_541\Debug\sp_common.o
 .debug_aranges
                0x000005f0       0x58 .\CortexM3\ARM_GCC_541\Debug\cyfitter_cfg.o
 .debug_aranges
                0x00000648       0x18 .\CortexM3\ARM_GCC_541\Debug\cymetadata.o
 .debug_aranges
                0x00000660       0x48 .\CortexM3\ARM_GCC_541\Debug\Cm3Start.o
 .debug_aranges
                0x000006a8       0x38 .\CortexM3\ARM_GCC_541\Debug\ElectronicGasPedal.a(SEVEN_DP.o)
 .debug_aranges
                0x000006e0       0x38 .\CortexM3\ARM_GCC_541\Debug\ElectronicGasPedal.a(SEVEN_SELECT.o)
 .debug_aranges
                0x00000718       0x28 .\CortexM3\ARM_GCC_541\Debug\ElectronicGasPedal.a(SEVEN_reg.o)
 .debug_aranges
                0x00000740       0x38 .\CortexM3\ARM_GCC_541\Debug\ElectronicGasPedal.a(BUTTON_1.o)
 .debug_aranges
                0x00000778       0x80 .\CortexM3\ARM_GCC_541\Debug\ElectronicGasPedal.a(isr_Button.o)
 .debug_aranges
                0x000007f8       0x38 .\CortexM3\ARM_GCC_541\Debug\ElectronicGasPedal.a(BUTTON_2.o)
 .debug_aranges
                0x00000830       0x38 .\CortexM3\ARM_GCC_541\Debug\ElectronicGasPedal.a(BUTTON_3.o)
 .debug_aranges
                0x00000868       0x38 .\CortexM3\ARM_GCC_541\Debug\ElectronicGasPedal.a(BUTTON_4.o)
 .debug_aranges
                0x000008a0       0x38 .\CortexM3\ARM_GCC_541\Debug\ElectronicGasPedal.a(LED_red.o)
 .debug_aranges
                0x000008d8       0x38 .\CortexM3\ARM_GCC_541\Debug\ElectronicGasPedal.a(LED_yellow.o)
 .debug_aranges
                0x00000910       0x38 .\CortexM3\ARM_GCC_541\Debug\ElectronicGasPedal.a(LED_green.o)
 .debug_aranges
                0x00000948       0xf0 .\CortexM3\ARM_GCC_541\Debug\ElectronicGasPedal.a(UART_LOG.o)
 .debug_aranges
                0x00000a38       0x80 .\CortexM3\ARM_GCC_541\Debug\ElectronicGasPedal.a(RGB_PWM_red.o)
 .debug_aranges
                0x00000ab8       0x80 .\CortexM3\ARM_GCC_541\Debug\ElectronicGasPedal.a(RGB_PWM_green.o)
 .debug_aranges
                0x00000b38       0x80 .\CortexM3\ARM_GCC_541\Debug\ElectronicGasPedal.a(RGB_PWM_blue.o)
 .debug_aranges
                0x00000bb8       0xa0 .\CortexM3\ARM_GCC_541\Debug\ElectronicGasPedal.a(JOYSTICK_ADC_XY.o)
 .debug_aranges
                0x00000c58       0x20 .\CortexM3\ARM_GCC_541\Debug\ElectronicGasPedal.a(JOYSTICK_ADC_XY_INT.o)
 .debug_aranges
                0x00000c78       0xd8 .\CortexM3\ARM_GCC_541\Debug\ElectronicGasPedal.a(TFT_SPI.o)
 .debug_aranges
                0x00000d50       0x38 .\CortexM3\ARM_GCC_541\Debug\ElectronicGasPedal.a(TFT_DC.o)
 .debug_aranges
                0x00000d88       0x38 .\CortexM3\ARM_GCC_541\Debug\ElectronicGasPedal.a(TFT_RES.o)
 .debug_aranges
                0x00000dc0       0x78 .\CortexM3\ARM_GCC_541\Debug\ElectronicGasPedal.a(TFT_BackLight.o)
 .debug_aranges
                0x00000e38       0xc8 .\CortexM3\ARM_GCC_541\Debug\ElectronicGasPedal.a(USBUART.o)
 .debug_aranges
                0x00000f00       0xe8 .\CortexM3\ARM_GCC_541\Debug\ElectronicGasPedal.a(USBUART_cdc.o)
 .debug_aranges
                0x00000fe8       0x98 .\CortexM3\ARM_GCC_541\Debug\ElectronicGasPedal.a(USBUART_drv.o)
 .debug_aranges
                0x00001080       0x40 .\CortexM3\ARM_GCC_541\Debug\ElectronicGasPedal.a(USBUART_episr.o)
 .debug_aranges
                0x000010c0       0x40 .\CortexM3\ARM_GCC_541\Debug\ElectronicGasPedal.a(USBUART_pm.o)
 .debug_aranges
                0x00001100       0x80 .\CortexM3\ARM_GCC_541\Debug\ElectronicGasPedal.a(USBUART_std.o)
 .debug_aranges
                0x00001180       0x20 .\CortexM3\ARM_GCC_541\Debug\ElectronicGasPedal.a(USBUART_vnd.o)
 .debug_aranges
                0x000011a0       0x20 .\CortexM3\ARM_GCC_541\Debug\ElectronicGasPedal.a(ErikaOS_ee_activate.o)
 .debug_aranges
                0x000011c0       0x20 .\CortexM3\ARM_GCC_541\Debug\ElectronicGasPedal.a(ErikaOS_ee_alsetrel.o)
 .debug_aranges
                0x000011e0       0x58 .\CortexM3\ARM_GCC_541\Debug\ElectronicGasPedal.a(ErikaOS_ee_altick.o)
 .debug_aranges
                0x00001238       0x20 .\CortexM3\ARM_GCC_541\Debug\ElectronicGasPedal.a(ErikaOS_ee_evclear.o)
 .debug_aranges
                0x00001258       0x20 .\CortexM3\ARM_GCC_541\Debug\ElectronicGasPedal.a(ErikaOS_ee_evget.o)
 .debug_aranges
                0x00001278       0x20 .\CortexM3\ARM_GCC_541\Debug\ElectronicGasPedal.a(ErikaOS_ee_evset.o)
 .debug_aranges
                0x00001298       0x20 .\CortexM3\ARM_GCC_541\Debug\ElectronicGasPedal.a(ErikaOS_ee_evwait.o)
 .debug_aranges
                0x000012b8       0x20 .\CortexM3\ARM_GCC_541\Debug\ElectronicGasPedal.a(ErikaOS_ee_gettaskid.o)
 .debug_aranges
                0x000012d8       0x30 .\CortexM3\ARM_GCC_541\Debug\ElectronicGasPedal.a(ErikaOS_ee_irqendin.o)
 .debug_aranges
                0x00001308       0x18 .\CortexM3\ARM_GCC_541\Debug\ElectronicGasPedal.a(ErikaOS_ee_lookup.o)
 .debug_aranges
                0x00001320       0x20 .\CortexM3\ARM_GCC_541\Debug\ElectronicGasPedal.a(ErikaOS_ee_rq_exchg.o)
 .debug_aranges
                0x00001340       0x20 .\CortexM3\ARM_GCC_541\Debug\ElectronicGasPedal.a(ErikaOS_ee_rq_first.o)
 .debug_aranges
                0x00001360       0x20 .\CortexM3\ARM_GCC_541\Debug\ElectronicGasPedal.a(ErikaOS_ee_rq_inser.o)
 .debug_aranges
                0x00001380       0x40 .\CortexM3\ARM_GCC_541\Debug\ElectronicGasPedal.a(ErikaOS_ee_startos.o)
 .debug_aranges
                0x000013c0       0x20 .\CortexM3\ARM_GCC_541\Debug\ElectronicGasPedal.a(ErikaOS_ee_terminat.o)
 .debug_aranges
                0x000013e0       0x20 .\CortexM3\ARM_GCC_541\Debug\ElectronicGasPedal.a(ErikaOS_cortex_mx_ee_utils.o)
 .debug_aranges
                0x00001400       0x18 .\CortexM3\ARM_GCC_541\Debug\ElectronicGasPedal.a(ErikaOS_common_ee_hal_structs.o)
 .debug_aranges
                0x00001418       0x18 .\CortexM3\ARM_GCC_541\Debug\ElectronicGasPedal.a(ErikaOS_eecfg.o)
 .debug_aranges
                0x00001430       0x70 .\CortexM3\ARM_GCC_541\Debug\ElectronicGasPedal.a(UART_LOG_IntClock.o)
 .debug_aranges
                0x000014a0       0xa8 .\CortexM3\ARM_GCC_541\Debug\ElectronicGasPedal.a(JOYSTICK_ADC_XY_SAR.o)
 .debug_aranges
                0x00001548       0x28 .\CortexM3\ARM_GCC_541\Debug\ElectronicGasPedal.a(JOYSTICK_ADC_XY_TempBuf_dma.o)
 .debug_aranges
                0x00001570       0x28 .\CortexM3\ARM_GCC_541\Debug\ElectronicGasPedal.a(JOYSTICK_ADC_XY_FinalBuf_dma.o)
 .debug_aranges
                0x00001598       0x80 .\CortexM3\ARM_GCC_541\Debug\ElectronicGasPedal.a(JOYSTICK_ADC_XY_IRQ.o)
 .debug_aranges
                0x00001618       0x70 .\CortexM3\ARM_GCC_541\Debug\ElectronicGasPedal.a(TFT_SPI_IntClock.o)
 .debug_aranges
                0x00001688       0x48 .\CortexM3\ARM_GCC_541\Debug\ElectronicGasPedal.a(USBUART_Dp.o)
 .debug_aranges
                0x000016d0       0xd8 .\CortexM3\ARM_GCC_541\Debug\ElectronicGasPedal.a(CyDmac.o)
 .debug_aranges
                0x000017a8      0x2a0 .\CortexM3\ARM_GCC_541\Debug\ElectronicGasPedal.a(CyLib.o)
 .debug_aranges
                0x00001a48       0x98 .\CortexM3\ARM_GCC_541\Debug\ElectronicGasPedal.a(cyPm.o)
 .debug_aranges
                0x00001ae0       0x20 .\CortexM3\ARM_GCC_541\Debug\ElectronicGasPedal.a(ErikaOS_ee_gnu_change_context_isr.o)
 .debug_aranges
                0x00001b00       0x20 .\CortexM3\ARM_GCC_541\Debug\ElectronicGasPedal.a(ErikaOS_ee_gnu_irq_stack.o)
 .debug_aranges
                0x00001b20       0x20 .\CortexM3\ARM_GCC_541\Debug\ElectronicGasPedal.a(ErikaOS_ee_gnu_multi_context.o)
 .debug_aranges
                0x00001b40       0x20 .\CortexM3\ARM_GCC_541\Debug\ElectronicGasPedal.a(ErikaOS_ee_gnu_oo.o)
 .debug_aranges
                0x00001b60       0x20 .\CortexM3\ARM_GCC_541\Debug\ElectronicGasPedal.a(CyBootAsmGnu.o)
 .debug_aranges
                0x00001b80       0x20 .\CortexM3\ARM_GCC_541\Debug\ElectronicGasPedal.a(USBUART_cls.o)
 .debug_aranges
                0x00001ba0       0x18 .\CortexM3\ARM_GCC_541\Debug\ElectronicGasPedal.a(USBUART_descr.o)
 .debug_aranges
                0x00001bb8       0x20 .\CortexM3\ARM_GCC_541\Debug\ElectronicGasPedal.a(ErikaOS_ee_tnterm.o)
 .debug_aranges
                0x00001bd8       0x20 .\CortexM3\ARM_GCC_541\Debug\ElectronicGasPedal.a(ErikaOS_ee_tstub.o)
 .debug_aranges
                0x00001bf8       0x28 .\CortexM3\ARM_GCC_541\Debug\ElectronicGasPedal.a(ErikaOS_cortex_mx_ee_context.o)
 .debug_aranges
                0x00001c20       0x88 .\CortexM3\ARM_GCC_541\Debug\ElectronicGasPedal.a(CyFlash.o)
 .debug_aranges
                0x00001ca8       0x80 .\CortexM3\ARM_GCC_541\Debug\ElectronicGasPedal.a(CySpc.o)
 .debug_aranges
                0x00001d28       0x30 .\CortexM3\ARM_GCC_541\Debug\ElectronicGasPedal.a(ErikaOS_ee_thendin.o)

.debug_pubnames
 *(.debug_pubnames)

.debug_info     0x00000000    0x1e502
 *(.debug_info .gnu.linkonce.wi.*)
 .debug_info    0x00000000      0x525 .\CortexM3\ARM_GCC_541\Debug\main.o
 .debug_info    0x00000525      0xb67 .\CortexM3\ARM_GCC_541\Debug\swc_control.o
 .debug_info    0x0000108c      0xa40 .\CortexM3\ARM_GCC_541\Debug\swc_engine.o
 .debug_info    0x00001acc      0x6e2 .\CortexM3\ARM_GCC_541\Debug\swc_joystick.o
 .debug_info    0x000021ae      0x30a .\CortexM3\ARM_GCC_541\Debug\tsk_control.o
 .debug_info    0x000024b8      0x23a .\CortexM3\ARM_GCC_541\Debug\tsk_io.o
 .debug_info    0x000026f2      0x30e .\CortexM3\ARM_GCC_541\Debug\trcStreamingPort.o
 .debug_info    0x00002a00      0x72c .\CortexM3\ARM_GCC_541\Debug\trcKernelPort.o
 .debug_info    0x0000312c      0x11c .\CortexM3\ARM_GCC_541\Debug\trcSnapshotRecorder.o
 .debug_info    0x00003248     0x213c .\CortexM3\ARM_GCC_541\Debug\trcStreamingRecorder.o
 .debug_info    0x00005384      0x2f7 .\CortexM3\ARM_GCC_541\Debug\button.o
 .debug_info    0x0000567b      0x2de .\CortexM3\ARM_GCC_541\Debug\joystick.o
 .debug_info    0x00005959      0x58b .\CortexM3\ARM_GCC_541\Debug\led.o
 .debug_info    0x00005ee4      0x4a6 .\CortexM3\ARM_GCC_541\Debug\seven.o
 .debug_info    0x0000638a      0x3b5 .\CortexM3\ARM_GCC_541\Debug\logging.o
 .debug_info    0x0000673f     0x2733 .\CortexM3\ARM_GCC_541\Debug\tft.o
 .debug_info    0x00008e72      0x35f .\CortexM3\ARM_GCC_541\Debug\rte.o
 .debug_info    0x000091d1      0x6c7 .\CortexM3\ARM_GCC_541\Debug\sp_common.o
 .debug_info    0x00009898      0x67e .\CortexM3\ARM_GCC_541\Debug\cyfitter_cfg.o
 .debug_info    0x00009f16      0x139 .\CortexM3\ARM_GCC_541\Debug\cymetadata.o
 .debug_info    0x0000a04f      0x3cf .\CortexM3\ARM_GCC_541\Debug\Cm3Start.o
 .debug_info    0x0000a41e      0x11f .\CortexM3\ARM_GCC_541\Debug\ElectronicGasPedal.a(SEVEN_DP.o)
 .debug_info    0x0000a53d      0x11f .\CortexM3\ARM_GCC_541\Debug\ElectronicGasPedal.a(SEVEN_SELECT.o)
 .debug_info    0x0000a65c       0xd6 .\CortexM3\ARM_GCC_541\Debug\ElectronicGasPedal.a(SEVEN_reg.o)
 .debug_info    0x0000a732      0x11f .\CortexM3\ARM_GCC_541\Debug\ElectronicGasPedal.a(BUTTON_1.o)
 .debug_info    0x0000a851      0x2d2 .\CortexM3\ARM_GCC_541\Debug\ElectronicGasPedal.a(isr_Button.o)
 .debug_info    0x0000ab23      0x11f .\CortexM3\ARM_GCC_541\Debug\ElectronicGasPedal.a(BUTTON_2.o)
 .debug_info    0x0000ac42      0x11f .\CortexM3\ARM_GCC_541\Debug\ElectronicGasPedal.a(BUTTON_3.o)
 .debug_info    0x0000ad61      0x11f .\CortexM3\ARM_GCC_541\Debug\ElectronicGasPedal.a(BUTTON_4.o)
 .debug_info    0x0000ae80      0x11f .\CortexM3\ARM_GCC_541\Debug\ElectronicGasPedal.a(LED_red.o)
 .debug_info    0x0000af9f      0x11f .\CortexM3\ARM_GCC_541\Debug\ElectronicGasPedal.a(LED_yellow.o)
 .debug_info    0x0000b0be      0x11f .\CortexM3\ARM_GCC_541\Debug\ElectronicGasPedal.a(LED_green.o)
 .debug_info    0x0000b1dd      0x60c .\CortexM3\ARM_GCC_541\Debug\ElectronicGasPedal.a(UART_LOG.o)
 .debug_info    0x0000b7e9      0x295 .\CortexM3\ARM_GCC_541\Debug\ElectronicGasPedal.a(RGB_PWM_red.o)
 .debug_info    0x0000ba7e      0x295 .\CortexM3\ARM_GCC_541\Debug\ElectronicGasPedal.a(RGB_PWM_green.o)
 .debug_info    0x0000bd13      0x295 .\CortexM3\ARM_GCC_541\Debug\ElectronicGasPedal.a(RGB_PWM_blue.o)
 .debug_info    0x0000bfa8      0x6f2 .\CortexM3\ARM_GCC_541\Debug\ElectronicGasPedal.a(JOYSTICK_ADC_XY.o)
 .debug_info    0x0000c69a       0xa0 .\CortexM3\ARM_GCC_541\Debug\ElectronicGasPedal.a(JOYSTICK_ADC_XY_INT.o)
 .debug_info    0x0000c73a      0x4bb .\CortexM3\ARM_GCC_541\Debug\ElectronicGasPedal.a(TFT_SPI.o)
 .debug_info    0x0000cbf5      0x11f .\CortexM3\ARM_GCC_541\Debug\ElectronicGasPedal.a(TFT_DC.o)
 .debug_info    0x0000cd14      0x11f .\CortexM3\ARM_GCC_541\Debug\ElectronicGasPedal.a(TFT_RES.o)
 .debug_info    0x0000ce33      0x27e .\CortexM3\ARM_GCC_541\Debug\ElectronicGasPedal.a(TFT_BackLight.o)
 .debug_info    0x0000d0b1      0x993 .\CortexM3\ARM_GCC_541\Debug\ElectronicGasPedal.a(USBUART.o)
 .debug_info    0x0000da44      0xaf7 .\CortexM3\ARM_GCC_541\Debug\ElectronicGasPedal.a(USBUART_cdc.o)
 .debug_info    0x0000e53b      0x655 .\CortexM3\ARM_GCC_541\Debug\ElectronicGasPedal.a(USBUART_drv.o)
 .debug_info    0x0000eb90      0x254 .\CortexM3\ARM_GCC_541\Debug\ElectronicGasPedal.a(USBUART_episr.o)
 .debug_info    0x0000ede4      0x2e4 .\CortexM3\ARM_GCC_541\Debug\ElectronicGasPedal.a(USBUART_pm.o)
 .debug_info    0x0000f0c8      0xb26 .\CortexM3\ARM_GCC_541\Debug\ElectronicGasPedal.a(USBUART_std.o)
 .debug_info    0x0000fbee       0xed .\CortexM3\ARM_GCC_541\Debug\ElectronicGasPedal.a(USBUART_vnd.o)
 .debug_info    0x0000fcdb      0x80d .\CortexM3\ARM_GCC_541\Debug\ElectronicGasPedal.a(ErikaOS_ee_activate.o)
 .debug_info    0x000104e8      0x5e5 .\CortexM3\ARM_GCC_541\Debug\ElectronicGasPedal.a(ErikaOS_ee_alsetrel.o)
 .debug_info    0x00010acd      0xc3b .\CortexM3\ARM_GCC_541\Debug\ElectronicGasPedal.a(ErikaOS_ee_altick.o)
 .debug_info    0x00011708      0x5a7 .\CortexM3\ARM_GCC_541\Debug\ElectronicGasPedal.a(ErikaOS_ee_evclear.o)
 .debug_info    0x00011caf      0x4ca .\CortexM3\ARM_GCC_541\Debug\ElectronicGasPedal.a(ErikaOS_ee_evget.o)
 .debug_info    0x00012179      0x7c3 .\CortexM3\ARM_GCC_541\Debug\ElectronicGasPedal.a(ErikaOS_ee_evset.o)
 .debug_info    0x0001293c      0x84e .\CortexM3\ARM_GCC_541\Debug\ElectronicGasPedal.a(ErikaOS_ee_evwait.o)
 .debug_info    0x0001318a      0x4a6 .\CortexM3\ARM_GCC_541\Debug\ElectronicGasPedal.a(ErikaOS_ee_gettaskid.o)
 .debug_info    0x00013630      0x5cb .\CortexM3\ARM_GCC_541\Debug\ElectronicGasPedal.a(ErikaOS_ee_irqendin.o)
 .debug_info    0x00013bfb      0x3d0 .\CortexM3\ARM_GCC_541\Debug\ElectronicGasPedal.a(ErikaOS_ee_lookup.o)
 .debug_info    0x00013fcb      0x46f .\CortexM3\ARM_GCC_541\Debug\ElectronicGasPedal.a(ErikaOS_ee_rq_exchg.o)
 .debug_info    0x0001443a      0x421 .\CortexM3\ARM_GCC_541\Debug\ElectronicGasPedal.a(ErikaOS_ee_rq_first.o)
 .debug_info    0x0001485b      0x475 .\CortexM3\ARM_GCC_541\Debug\ElectronicGasPedal.a(ErikaOS_ee_rq_inser.o)
 .debug_info    0x00014cd0     0x2040 .\CortexM3\ARM_GCC_541\Debug\ElectronicGasPedal.a(ErikaOS_ee_startos.o)
 .debug_info    0x00016d10      0x589 .\CortexM3\ARM_GCC_541\Debug\ElectronicGasPedal.a(ErikaOS_ee_terminat.o)
 .debug_info    0x00017299      0x4cc .\CortexM3\ARM_GCC_541\Debug\ElectronicGasPedal.a(ErikaOS_cortex_mx_ee_utils.o)
 .debug_info    0x00017765      0x3cb .\CortexM3\ARM_GCC_541\Debug\ElectronicGasPedal.a(ErikaOS_common_ee_hal_structs.o)
 .debug_info    0x00017b30      0x8c7 .\CortexM3\ARM_GCC_541\Debug\ElectronicGasPedal.a(ErikaOS_eecfg.o)
 .debug_info    0x000183f7      0x283 .\CortexM3\ARM_GCC_541\Debug\ElectronicGasPedal.a(UART_LOG_IntClock.o)
 .debug_info    0x0001867a      0x544 .\CortexM3\ARM_GCC_541\Debug\ElectronicGasPedal.a(JOYSTICK_ADC_XY_SAR.o)
 .debug_info    0x00018bbe      0x1a8 .\CortexM3\ARM_GCC_541\Debug\ElectronicGasPedal.a(JOYSTICK_ADC_XY_TempBuf_dma.o)
 .debug_info    0x00018d66      0x1aa .\CortexM3\ARM_GCC_541\Debug\ElectronicGasPedal.a(JOYSTICK_ADC_XY_FinalBuf_dma.o)
 .debug_info    0x00018f10      0x2d2 .\CortexM3\ARM_GCC_541\Debug\ElectronicGasPedal.a(JOYSTICK_ADC_XY_IRQ.o)
 .debug_info    0x000191e2      0x283 .\CortexM3\ARM_GCC_541\Debug\ElectronicGasPedal.a(TFT_SPI_IntClock.o)
 .debug_info    0x00019465      0x174 .\CortexM3\ARM_GCC_541\Debug\ElectronicGasPedal.a(USBUART_Dp.o)
 .debug_info    0x000195d9      0x94e .\CortexM3\ARM_GCC_541\Debug\ElectronicGasPedal.a(CyDmac.o)
 .debug_info    0x00019f27     0x1374 .\CortexM3\ARM_GCC_541\Debug\ElectronicGasPedal.a(CyLib.o)
 .debug_info    0x0001b29b      0xa2a .\CortexM3\ARM_GCC_541\Debug\ElectronicGasPedal.a(cyPm.o)
 .debug_info    0x0001bcc5       0xa6 .\CortexM3\ARM_GCC_541\Debug\ElectronicGasPedal.a(ErikaOS_ee_gnu_change_context_isr.o)
 .debug_info    0x0001bd6b       0x9d .\CortexM3\ARM_GCC_541\Debug\ElectronicGasPedal.a(ErikaOS_ee_gnu_irq_stack.o)
 .debug_info    0x0001be08       0xa1 .\CortexM3\ARM_GCC_541\Debug\ElectronicGasPedal.a(ErikaOS_ee_gnu_multi_context.o)
 .debug_info    0x0001bea9       0x96 .\CortexM3\ARM_GCC_541\Debug\ElectronicGasPedal.a(ErikaOS_ee_gnu_oo.o)
 .debug_info    0x0001bf3f       0xe7 .\CortexM3\ARM_GCC_541\Debug\ElectronicGasPedal.a(CyBootAsmGnu.o)
 .debug_info    0x0001c026      0x1de .\CortexM3\ARM_GCC_541\Debug\ElectronicGasPedal.a(USBUART_cls.o)
 .debug_info    0x0001c204      0x2a3 .\CortexM3\ARM_GCC_541\Debug\ElectronicGasPedal.a(USBUART_descr.o)
 .debug_info    0x0001c4a7      0x43d .\CortexM3\ARM_GCC_541\Debug\ElectronicGasPedal.a(ErikaOS_ee_tnterm.o)
 .debug_info    0x0001c8e4      0x487 .\CortexM3\ARM_GCC_541\Debug\ElectronicGasPedal.a(ErikaOS_ee_tstub.o)
 .debug_info    0x0001cd6b      0x501 .\CortexM3\ARM_GCC_541\Debug\ElectronicGasPedal.a(ErikaOS_cortex_mx_ee_context.o)
 .debug_info    0x0001d26c      0x64d .\CortexM3\ARM_GCC_541\Debug\ElectronicGasPedal.a(CyFlash.o)
 .debug_info    0x0001d8b9      0x550 .\CortexM3\ARM_GCC_541\Debug\ElectronicGasPedal.a(CySpc.o)
 .debug_info    0x0001de09      0x6f9 .\CortexM3\ARM_GCC_541\Debug\ElectronicGasPedal.a(ErikaOS_ee_thendin.o)

.debug_abbrev   0x00000000     0x7915
 *(.debug_abbrev)
 .debug_abbrev  0x00000000      0x1fc .\CortexM3\ARM_GCC_541\Debug\main.o
 .debug_abbrev  0x000001fc      0x28c .\CortexM3\ARM_GCC_541\Debug\swc_control.o
 .debug_abbrev  0x00000488      0x267 .\CortexM3\ARM_GCC_541\Debug\swc_engine.o
 .debug_abbrev  0x000006ef      0x24c .\CortexM3\ARM_GCC_541\Debug\swc_joystick.o
 .debug_abbrev  0x0000093b      0x170 .\CortexM3\ARM_GCC_541\Debug\tsk_control.o
 .debug_abbrev  0x00000aab      0x12c .\CortexM3\ARM_GCC_541\Debug\tsk_io.o
 .debug_abbrev  0x00000bd7       0xff .\CortexM3\ARM_GCC_541\Debug\trcStreamingPort.o
 .debug_abbrev  0x00000cd6      0x21f .\CortexM3\ARM_GCC_541\Debug\trcKernelPort.o
 .debug_abbrev  0x00000ef5       0x5c .\CortexM3\ARM_GCC_541\Debug\trcSnapshotRecorder.o
 .debug_abbrev  0x00000f51      0x388 .\CortexM3\ARM_GCC_541\Debug\trcStreamingRecorder.o
 .debug_abbrev  0x000012d9      0x11c .\CortexM3\ARM_GCC_541\Debug\button.o
 .debug_abbrev  0x000013f5      0x11e .\CortexM3\ARM_GCC_541\Debug\joystick.o
 .debug_abbrev  0x00001513      0x1c5 .\CortexM3\ARM_GCC_541\Debug\led.o
 .debug_abbrev  0x000016d8      0x155 .\CortexM3\ARM_GCC_541\Debug\seven.o
 .debug_abbrev  0x0000182d      0x14a .\CortexM3\ARM_GCC_541\Debug\logging.o
 .debug_abbrev  0x00001977      0x2bf .\CortexM3\ARM_GCC_541\Debug\tft.o
 .debug_abbrev  0x00001c36      0x15c .\CortexM3\ARM_GCC_541\Debug\rte.o
 .debug_abbrev  0x00001d92      0x193 .\CortexM3\ARM_GCC_541\Debug\sp_common.o
 .debug_abbrev  0x00001f25      0x20d .\CortexM3\ARM_GCC_541\Debug\cyfitter_cfg.o
 .debug_abbrev  0x00002132       0x77 .\CortexM3\ARM_GCC_541\Debug\cymetadata.o
 .debug_abbrev  0x000021a9      0x1e8 .\CortexM3\ARM_GCC_541\Debug\Cm3Start.o
 .debug_abbrev  0x00002391       0x90 .\CortexM3\ARM_GCC_541\Debug\ElectronicGasPedal.a(SEVEN_DP.o)
 .debug_abbrev  0x00002421       0x90 .\CortexM3\ARM_GCC_541\Debug\ElectronicGasPedal.a(SEVEN_SELECT.o)
 .debug_abbrev  0x000024b1       0x81 .\CortexM3\ARM_GCC_541\Debug\ElectronicGasPedal.a(SEVEN_reg.o)
 .debug_abbrev  0x00002532       0x90 .\CortexM3\ARM_GCC_541\Debug\ElectronicGasPedal.a(BUTTON_1.o)
 .debug_abbrev  0x000025c2      0x173 .\CortexM3\ARM_GCC_541\Debug\ElectronicGasPedal.a(isr_Button.o)
 .debug_abbrev  0x00002735       0x90 .\CortexM3\ARM_GCC_541\Debug\ElectronicGasPedal.a(BUTTON_2.o)
 .debug_abbrev  0x000027c5       0x90 .\CortexM3\ARM_GCC_541\Debug\ElectronicGasPedal.a(BUTTON_3.o)
 .debug_abbrev  0x00002855       0x90 .\CortexM3\ARM_GCC_541\Debug\ElectronicGasPedal.a(BUTTON_4.o)
 .debug_abbrev  0x000028e5       0x90 .\CortexM3\ARM_GCC_541\Debug\ElectronicGasPedal.a(LED_red.o)
 .debug_abbrev  0x00002975       0x90 .\CortexM3\ARM_GCC_541\Debug\ElectronicGasPedal.a(LED_yellow.o)
 .debug_abbrev  0x00002a05       0x90 .\CortexM3\ARM_GCC_541\Debug\ElectronicGasPedal.a(LED_green.o)
 .debug_abbrev  0x00002a95      0x175 .\CortexM3\ARM_GCC_541\Debug\ElectronicGasPedal.a(UART_LOG.o)
 .debug_abbrev  0x00002c0a      0x12d .\CortexM3\ARM_GCC_541\Debug\ElectronicGasPedal.a(RGB_PWM_red.o)
 .debug_abbrev  0x00002d37      0x12d .\CortexM3\ARM_GCC_541\Debug\ElectronicGasPedal.a(RGB_PWM_green.o)
 .debug_abbrev  0x00002e64      0x12d .\CortexM3\ARM_GCC_541\Debug\ElectronicGasPedal.a(RGB_PWM_blue.o)
 .debug_abbrev  0x00002f91      0x13e .\CortexM3\ARM_GCC_541\Debug\ElectronicGasPedal.a(JOYSTICK_ADC_XY.o)
 .debug_abbrev  0x000030cf       0x42 .\CortexM3\ARM_GCC_541\Debug\ElectronicGasPedal.a(JOYSTICK_ADC_XY_INT.o)
 .debug_abbrev  0x00003111      0x146 .\CortexM3\ARM_GCC_541\Debug\ElectronicGasPedal.a(TFT_SPI.o)
 .debug_abbrev  0x00003257       0x90 .\CortexM3\ARM_GCC_541\Debug\ElectronicGasPedal.a(TFT_DC.o)
 .debug_abbrev  0x000032e7       0x90 .\CortexM3\ARM_GCC_541\Debug\ElectronicGasPedal.a(TFT_RES.o)
 .debug_abbrev  0x00003377      0x12d .\CortexM3\ARM_GCC_541\Debug\ElectronicGasPedal.a(TFT_BackLight.o)
 .debug_abbrev  0x000034a4      0x215 .\CortexM3\ARM_GCC_541\Debug\ElectronicGasPedal.a(USBUART.o)
 .debug_abbrev  0x000036b9      0x245 .\CortexM3\ARM_GCC_541\Debug\ElectronicGasPedal.a(USBUART_cdc.o)
 .debug_abbrev  0x000038fe      0x189 .\CortexM3\ARM_GCC_541\Debug\ElectronicGasPedal.a(USBUART_drv.o)
 .debug_abbrev  0x00003a87      0x11b .\CortexM3\ARM_GCC_541\Debug\ElectronicGasPedal.a(USBUART_episr.o)
 .debug_abbrev  0x00003ba2      0x108 .\CortexM3\ARM_GCC_541\Debug\ElectronicGasPedal.a(USBUART_pm.o)
 .debug_abbrev  0x00003caa      0x20a .\CortexM3\ARM_GCC_541\Debug\ElectronicGasPedal.a(USBUART_std.o)
 .debug_abbrev  0x00003eb4       0x9b .\CortexM3\ARM_GCC_541\Debug\ElectronicGasPedal.a(USBUART_vnd.o)
 .debug_abbrev  0x00003f4f      0x284 .\CortexM3\ARM_GCC_541\Debug\ElectronicGasPedal.a(ErikaOS_ee_activate.o)
 .debug_abbrev  0x000041d3      0x1f7 .\CortexM3\ARM_GCC_541\Debug\ElectronicGasPedal.a(ErikaOS_ee_alsetrel.o)
 .debug_abbrev  0x000043ca      0x362 .\CortexM3\ARM_GCC_541\Debug\ElectronicGasPedal.a(ErikaOS_ee_altick.o)
 .debug_abbrev  0x0000472c      0x1e0 .\CortexM3\ARM_GCC_541\Debug\ElectronicGasPedal.a(ErikaOS_ee_evclear.o)
 .debug_abbrev  0x0000490c      0x150 .\CortexM3\ARM_GCC_541\Debug\ElectronicGasPedal.a(ErikaOS_ee_evget.o)
 .debug_abbrev  0x00004a5c      0x27f .\CortexM3\ARM_GCC_541\Debug\ElectronicGasPedal.a(ErikaOS_ee_evset.o)
 .debug_abbrev  0x00004cdb      0x25d .\CortexM3\ARM_GCC_541\Debug\ElectronicGasPedal.a(ErikaOS_ee_evwait.o)
 .debug_abbrev  0x00004f38      0x161 .\CortexM3\ARM_GCC_541\Debug\ElectronicGasPedal.a(ErikaOS_ee_gettaskid.o)
 .debug_abbrev  0x00005099      0x1da .\CortexM3\ARM_GCC_541\Debug\ElectronicGasPedal.a(ErikaOS_ee_irqendin.o)
 .debug_abbrev  0x00005273       0xcf .\CortexM3\ARM_GCC_541\Debug\ElectronicGasPedal.a(ErikaOS_ee_lookup.o)
 .debug_abbrev  0x00005342       0xfc .\CortexM3\ARM_GCC_541\Debug\ElectronicGasPedal.a(ErikaOS_ee_rq_exchg.o)
 .debug_abbrev  0x0000543e       0xed .\CortexM3\ARM_GCC_541\Debug\ElectronicGasPedal.a(ErikaOS_ee_rq_first.o)
 .debug_abbrev  0x0000552b      0x109 .\CortexM3\ARM_GCC_541\Debug\ElectronicGasPedal.a(ErikaOS_ee_rq_inser.o)
 .debug_abbrev  0x00005634      0x4a7 .\CortexM3\ARM_GCC_541\Debug\ElectronicGasPedal.a(ErikaOS_ee_startos.o)
 .debug_abbrev  0x00005adb      0x1de .\CortexM3\ARM_GCC_541\Debug\ElectronicGasPedal.a(ErikaOS_ee_terminat.o)
 .debug_abbrev  0x00005cb9      0x1ad .\CortexM3\ARM_GCC_541\Debug\ElectronicGasPedal.a(ErikaOS_cortex_mx_ee_utils.o)
 .debug_abbrev  0x00005e66       0xcf .\CortexM3\ARM_GCC_541\Debug\ElectronicGasPedal.a(ErikaOS_common_ee_hal_structs.o)
 .debug_abbrev  0x00005f35      0x127 .\CortexM3\ARM_GCC_541\Debug\ElectronicGasPedal.a(ErikaOS_eecfg.o)
 .debug_abbrev  0x0000605c      0x139 .\CortexM3\ARM_GCC_541\Debug\ElectronicGasPedal.a(UART_LOG_IntClock.o)
 .debug_abbrev  0x00006195      0x1ac .\CortexM3\ARM_GCC_541\Debug\ElectronicGasPedal.a(JOYSTICK_ADC_XY_SAR.o)
 .debug_abbrev  0x00006341       0xcd .\CortexM3\ARM_GCC_541\Debug\ElectronicGasPedal.a(JOYSTICK_ADC_XY_TempBuf_dma.o)
 .debug_abbrev  0x0000640e       0xcd .\CortexM3\ARM_GCC_541\Debug\ElectronicGasPedal.a(JOYSTICK_ADC_XY_FinalBuf_dma.o)
 .debug_abbrev  0x000064db      0x173 .\CortexM3\ARM_GCC_541\Debug\ElectronicGasPedal.a(JOYSTICK_ADC_XY_IRQ.o)
 .debug_abbrev  0x0000664e      0x139 .\CortexM3\ARM_GCC_541\Debug\ElectronicGasPedal.a(TFT_SPI_IntClock.o)
 .debug_abbrev  0x00006787       0x90 .\CortexM3\ARM_GCC_541\Debug\ElectronicGasPedal.a(USBUART_Dp.o)
 .debug_abbrev  0x00006817      0x1b2 .\CortexM3\ARM_GCC_541\Debug\ElectronicGasPedal.a(CyDmac.o)
 .debug_abbrev  0x000069c9      0x254 .\CortexM3\ARM_GCC_541\Debug\ElectronicGasPedal.a(CyLib.o)
 .debug_abbrev  0x00006c1d      0x1ab .\CortexM3\ARM_GCC_541\Debug\ElectronicGasPedal.a(cyPm.o)
 .debug_abbrev  0x00006dc8       0x14 .\CortexM3\ARM_GCC_541\Debug\ElectronicGasPedal.a(ErikaOS_ee_gnu_change_context_isr.o)
 .debug_abbrev  0x00006ddc       0x14 .\CortexM3\ARM_GCC_541\Debug\ElectronicGasPedal.a(ErikaOS_ee_gnu_irq_stack.o)
 .debug_abbrev  0x00006df0       0x14 .\CortexM3\ARM_GCC_541\Debug\ElectronicGasPedal.a(ErikaOS_ee_gnu_multi_context.o)
 .debug_abbrev  0x00006e04       0x14 .\CortexM3\ARM_GCC_541\Debug\ElectronicGasPedal.a(ErikaOS_ee_gnu_oo.o)
 .debug_abbrev  0x00006e18       0x14 .\CortexM3\ARM_GCC_541\Debug\ElectronicGasPedal.a(CyBootAsmGnu.o)
 .debug_abbrev  0x00006e2c       0xe1 .\CortexM3\ARM_GCC_541\Debug\ElectronicGasPedal.a(USBUART_cls.o)
 .debug_abbrev  0x00006f0d       0xb4 .\CortexM3\ARM_GCC_541\Debug\ElectronicGasPedal.a(USBUART_descr.o)
 .debug_abbrev  0x00006fc1      0x157 .\CortexM3\ARM_GCC_541\Debug\ElectronicGasPedal.a(ErikaOS_ee_tnterm.o)
 .debug_abbrev  0x00007118      0x143 .\CortexM3\ARM_GCC_541\Debug\ElectronicGasPedal.a(ErikaOS_ee_tstub.o)
 .debug_abbrev  0x0000725b      0x156 .\CortexM3\ARM_GCC_541\Debug\ElectronicGasPedal.a(ErikaOS_cortex_mx_ee_context.o)
 .debug_abbrev  0x000073b1      0x1a7 .\CortexM3\ARM_GCC_541\Debug\ElectronicGasPedal.a(CyFlash.o)
 .debug_abbrev  0x00007558      0x194 .\CortexM3\ARM_GCC_541\Debug\ElectronicGasPedal.a(CySpc.o)
 .debug_abbrev  0x000076ec      0x229 .\CortexM3\ARM_GCC_541\Debug\ElectronicGasPedal.a(ErikaOS_ee_thendin.o)

.debug_line     0x00000000     0xaf42
 *(.debug_line)
 .debug_line    0x00000000      0x40b .\CortexM3\ARM_GCC_541\Debug\main.o
 .debug_line    0x0000040b      0x3f5 .\CortexM3\ARM_GCC_541\Debug\swc_control.o
 .debug_line    0x00000800      0x405 .\CortexM3\ARM_GCC_541\Debug\swc_engine.o
 .debug_line    0x00000c05      0x394 .\CortexM3\ARM_GCC_541\Debug\swc_joystick.o
 .debug_line    0x00000f99      0x272 .\CortexM3\ARM_GCC_541\Debug\tsk_control.o
 .debug_line    0x0000120b      0x255 .\CortexM3\ARM_GCC_541\Debug\tsk_io.o
 .debug_line    0x00001460      0x286 .\CortexM3\ARM_GCC_541\Debug\trcStreamingPort.o
 .debug_line    0x000016e6      0x3ef .\CortexM3\ARM_GCC_541\Debug\trcKernelPort.o
 .debug_line    0x00001ad5      0x1e3 .\CortexM3\ARM_GCC_541\Debug\trcSnapshotRecorder.o
 .debug_line    0x00001cb8      0xadd .\CortexM3\ARM_GCC_541\Debug\trcStreamingRecorder.o
 .debug_line    0x00002795      0x2b2 .\CortexM3\ARM_GCC_541\Debug\button.o
 .debug_line    0x00002a47      0x25b .\CortexM3\ARM_GCC_541\Debug\joystick.o
 .debug_line    0x00002ca2      0x368 .\CortexM3\ARM_GCC_541\Debug\led.o
 .debug_line    0x0000300a      0x2da .\CortexM3\ARM_GCC_541\Debug\seven.o
 .debug_line    0x000032e4      0x261 .\CortexM3\ARM_GCC_541\Debug\logging.o
 .debug_line    0x00003545      0x8bd .\CortexM3\ARM_GCC_541\Debug\tft.o
 .debug_line    0x00003e02      0x287 .\CortexM3\ARM_GCC_541\Debug\rte.o
 .debug_line    0x00004089        0x0 .\CortexM3\ARM_GCC_541\Debug\sc_joystick.o
 .debug_line    0x00004089        0x0 .\CortexM3\ARM_GCC_541\Debug\sc_speed.o
 .debug_line    0x00004089      0x32f .\CortexM3\ARM_GCC_541\Debug\sp_common.o
 .debug_line    0x000043b8      0x209 .\CortexM3\ARM_GCC_541\Debug\cyfitter_cfg.o
 .debug_line    0x000045c1      0x141 .\CortexM3\ARM_GCC_541\Debug\cymetadata.o
 .debug_line    0x00004702      0x241 .\CortexM3\ARM_GCC_541\Debug\Cm3Start.o
 .debug_line    0x00004943       0x95 .\CortexM3\ARM_GCC_541\Debug\ElectronicGasPedal.a(SEVEN_DP.o)
 .debug_line    0x000049d8       0x99 .\CortexM3\ARM_GCC_541\Debug\ElectronicGasPedal.a(SEVEN_SELECT.o)
 .debug_line    0x00004a71       0x71 .\CortexM3\ARM_GCC_541\Debug\ElectronicGasPedal.a(SEVEN_reg.o)
 .debug_line    0x00004ae2       0x95 .\CortexM3\ARM_GCC_541\Debug\ElectronicGasPedal.a(BUTTON_1.o)
 .debug_line    0x00004b77      0x137 .\CortexM3\ARM_GCC_541\Debug\ElectronicGasPedal.a(isr_Button.o)
 .debug_line    0x00004cae       0x95 .\CortexM3\ARM_GCC_541\Debug\ElectronicGasPedal.a(BUTTON_2.o)
 .debug_line    0x00004d43       0x95 .\CortexM3\ARM_GCC_541\Debug\ElectronicGasPedal.a(BUTTON_3.o)
 .debug_line    0x00004dd8       0x95 .\CortexM3\ARM_GCC_541\Debug\ElectronicGasPedal.a(BUTTON_4.o)
 .debug_line    0x00004e6d       0x94 .\CortexM3\ARM_GCC_541\Debug\ElectronicGasPedal.a(LED_red.o)
 .debug_line    0x00004f01       0x97 .\CortexM3\ARM_GCC_541\Debug\ElectronicGasPedal.a(LED_yellow.o)
 .debug_line    0x00004f98       0x96 .\CortexM3\ARM_GCC_541\Debug\ElectronicGasPedal.a(LED_green.o)
 .debug_line    0x0000502e      0x2c4 .\CortexM3\ARM_GCC_541\Debug\ElectronicGasPedal.a(UART_LOG.o)
 .debug_line    0x000052f2      0x143 .\CortexM3\ARM_GCC_541\Debug\ElectronicGasPedal.a(RGB_PWM_red.o)
 .debug_line    0x00005435      0x145 .\CortexM3\ARM_GCC_541\Debug\ElectronicGasPedal.a(RGB_PWM_green.o)
 .debug_line    0x0000557a      0x144 .\CortexM3\ARM_GCC_541\Debug\ElectronicGasPedal.a(RGB_PWM_blue.o)
 .debug_line    0x000056be      0x23e .\CortexM3\ARM_GCC_541\Debug\ElectronicGasPedal.a(JOYSTICK_ADC_XY.o)
 .debug_line    0x000058fc       0x5c .\CortexM3\ARM_GCC_541\Debug\ElectronicGasPedal.a(JOYSTICK_ADC_XY_INT.o)
 .debug_line    0x00005958      0x249 .\CortexM3\ARM_GCC_541\Debug\ElectronicGasPedal.a(TFT_SPI.o)
 .debug_line    0x00005ba1       0x93 .\CortexM3\ARM_GCC_541\Debug\ElectronicGasPedal.a(TFT_DC.o)
 .debug_line    0x00005c34       0x94 .\CortexM3\ARM_GCC_541\Debug\ElectronicGasPedal.a(TFT_RES.o)
 .debug_line    0x00005cc8      0x13b .\CortexM3\ARM_GCC_541\Debug\ElectronicGasPedal.a(TFT_BackLight.o)
 .debug_line    0x00005e03      0x2dc .\CortexM3\ARM_GCC_541\Debug\ElectronicGasPedal.a(USBUART.o)
 .debug_line    0x000060df      0x2f2 .\CortexM3\ARM_GCC_541\Debug\ElectronicGasPedal.a(USBUART_cdc.o)
 .debug_line    0x000063d1      0x221 .\CortexM3\ARM_GCC_541\Debug\ElectronicGasPedal.a(USBUART_drv.o)
 .debug_line    0x000065f2       0xe6 .\CortexM3\ARM_GCC_541\Debug\ElectronicGasPedal.a(USBUART_episr.o)
 .debug_line    0x000066d8      0x10e .\CortexM3\ARM_GCC_541\Debug\ElectronicGasPedal.a(USBUART_pm.o)
 .debug_line    0x000067e6      0x3e2 .\CortexM3\ARM_GCC_541\Debug\ElectronicGasPedal.a(USBUART_std.o)
 .debug_line    0x00006bc8       0x73 .\CortexM3\ARM_GCC_541\Debug\ElectronicGasPedal.a(USBUART_vnd.o)
 .debug_line    0x00006c3b      0x1e6 .\CortexM3\ARM_GCC_541\Debug\ElectronicGasPedal.a(ErikaOS_ee_activate.o)
 .debug_line    0x00006e21      0x1bd .\CortexM3\ARM_GCC_541\Debug\ElectronicGasPedal.a(ErikaOS_ee_alsetrel.o)
 .debug_line    0x00006fde      0x2f1 .\CortexM3\ARM_GCC_541\Debug\ElectronicGasPedal.a(ErikaOS_ee_altick.o)
 .debug_line    0x000072cf      0x1c1 .\CortexM3\ARM_GCC_541\Debug\ElectronicGasPedal.a(ErikaOS_ee_evclear.o)
 .debug_line    0x00007490      0x14b .\CortexM3\ARM_GCC_541\Debug\ElectronicGasPedal.a(ErikaOS_ee_evget.o)
 .debug_line    0x000075db      0x1e3 .\CortexM3\ARM_GCC_541\Debug\ElectronicGasPedal.a(ErikaOS_ee_evset.o)
 .debug_line    0x000077be      0x1ef .\CortexM3\ARM_GCC_541\Debug\ElectronicGasPedal.a(ErikaOS_ee_evwait.o)
 .debug_line    0x000079ad      0x151 .\CortexM3\ARM_GCC_541\Debug\ElectronicGasPedal.a(ErikaOS_ee_gettaskid.o)
 .debug_line    0x00007afe      0x190 .\CortexM3\ARM_GCC_541\Debug\ElectronicGasPedal.a(ErikaOS_ee_irqendin.o)
 .debug_line    0x00007c8e      0x10b .\CortexM3\ARM_GCC_541\Debug\ElectronicGasPedal.a(ErikaOS_ee_lookup.o)
 .debug_line    0x00007d99      0x14b .\CortexM3\ARM_GCC_541\Debug\ElectronicGasPedal.a(ErikaOS_ee_rq_exchg.o)
 .debug_line    0x00007ee4      0x142 .\CortexM3\ARM_GCC_541\Debug\ElectronicGasPedal.a(ErikaOS_ee_rq_first.o)
 .debug_line    0x00008026      0x146 .\CortexM3\ARM_GCC_541\Debug\ElectronicGasPedal.a(ErikaOS_ee_rq_inser.o)
 .debug_line    0x0000816c      0x3e8 .\CortexM3\ARM_GCC_541\Debug\ElectronicGasPedal.a(ErikaOS_ee_startos.o)
 .debug_line    0x00008554      0x1ac .\CortexM3\ARM_GCC_541\Debug\ElectronicGasPedal.a(ErikaOS_ee_terminat.o)
 .debug_line    0x00008700      0x156 .\CortexM3\ARM_GCC_541\Debug\ElectronicGasPedal.a(ErikaOS_cortex_mx_ee_utils.o)
 .debug_line    0x00008856       0xed .\CortexM3\ARM_GCC_541\Debug\ElectronicGasPedal.a(ErikaOS_common_ee_hal_structs.o)
 .debug_line    0x00008943      0x12c .\CortexM3\ARM_GCC_541\Debug\ElectronicGasPedal.a(ErikaOS_eecfg.o)
 .debug_line    0x00008a6f      0x180 .\CortexM3\ARM_GCC_541\Debug\ElectronicGasPedal.a(UART_LOG_IntClock.o)
 .debug_line    0x00008bef      0x20f .\CortexM3\ARM_GCC_541\Debug\ElectronicGasPedal.a(JOYSTICK_ADC_XY_SAR.o)
 .debug_line    0x00008dfe       0x94 .\CortexM3\ARM_GCC_541\Debug\ElectronicGasPedal.a(JOYSTICK_ADC_XY_TempBuf_dma.o)
 .debug_line    0x00008e92       0x95 .\CortexM3\ARM_GCC_541\Debug\ElectronicGasPedal.a(JOYSTICK_ADC_XY_FinalBuf_dma.o)
 .debug_line    0x00008f27      0x140 .\CortexM3\ARM_GCC_541\Debug\ElectronicGasPedal.a(JOYSTICK_ADC_XY_IRQ.o)
 .debug_line    0x00009067      0x17f .\CortexM3\ARM_GCC_541\Debug\ElectronicGasPedal.a(TFT_SPI_IntClock.o)
 .debug_line    0x000091e6       0xbb .\CortexM3\ARM_GCC_541\Debug\ElectronicGasPedal.a(USBUART_Dp.o)
 .debug_line    0x000092a1      0x2e4 .\CortexM3\ARM_GCC_541\Debug\ElectronicGasPedal.a(CyDmac.o)
 .debug_line    0x00009585      0x816 .\CortexM3\ARM_GCC_541\Debug\ElectronicGasPedal.a(CyLib.o)
 .debug_line    0x00009d9b      0x367 .\CortexM3\ARM_GCC_541\Debug\ElectronicGasPedal.a(cyPm.o)
 .debug_line    0x0000a102       0xac .\CortexM3\ARM_GCC_541\Debug\ElectronicGasPedal.a(ErikaOS_ee_gnu_change_context_isr.o)
 .debug_line    0x0000a1ae       0x72 .\CortexM3\ARM_GCC_541\Debug\ElectronicGasPedal.a(ErikaOS_ee_gnu_irq_stack.o)
 .debug_line    0x0000a220       0x9b .\CortexM3\ARM_GCC_541\Debug\ElectronicGasPedal.a(ErikaOS_ee_gnu_multi_context.o)
 .debug_line    0x0000a2bb       0x97 .\CortexM3\ARM_GCC_541\Debug\ElectronicGasPedal.a(ErikaOS_ee_gnu_oo.o)
 .debug_line    0x0000a352       0x66 .\CortexM3\ARM_GCC_541\Debug\ElectronicGasPedal.a(CyBootAsmGnu.o)
 .debug_line    0x0000a3b8       0x95 .\CortexM3\ARM_GCC_541\Debug\ElectronicGasPedal.a(USBUART_cls.o)
 .debug_line    0x0000a44d       0x61 .\CortexM3\ARM_GCC_541\Debug\ElectronicGasPedal.a(USBUART_descr.o)
 .debug_line    0x0000a4ae      0x169 .\CortexM3\ARM_GCC_541\Debug\ElectronicGasPedal.a(ErikaOS_ee_tnterm.o)
 .debug_line    0x0000a617      0x160 .\CortexM3\ARM_GCC_541\Debug\ElectronicGasPedal.a(ErikaOS_ee_tstub.o)
 .debug_line    0x0000a777      0x19a .\CortexM3\ARM_GCC_541\Debug\ElectronicGasPedal.a(ErikaOS_cortex_mx_ee_context.o)
 .debug_line    0x0000a911      0x21a .\CortexM3\ARM_GCC_541\Debug\ElectronicGasPedal.a(CyFlash.o)
 .debug_line    0x0000ab2b      0x260 .\CortexM3\ARM_GCC_541\Debug\ElectronicGasPedal.a(CySpc.o)
 .debug_line    0x0000ad8b      0x1b7 .\CortexM3\ARM_GCC_541\Debug\ElectronicGasPedal.a(ErikaOS_ee_thendin.o)

.debug_frame    0x00000000     0x4524
 *(.debug_frame)
 .debug_frame   0x00000000       0xb4 .\CortexM3\ARM_GCC_541\Debug\main.o
 .debug_frame   0x000000b4       0x3c .\CortexM3\ARM_GCC_541\Debug\swc_control.o
 .debug_frame   0x000000f0       0x68 .\CortexM3\ARM_GCC_541\Debug\swc_engine.o
 .debug_frame   0x00000158       0x34 .\CortexM3\ARM_GCC_541\Debug\swc_joystick.o
 .debug_frame   0x0000018c       0x2c .\CortexM3\ARM_GCC_541\Debug\tsk_control.o
 .debug_frame   0x000001b8       0x2c .\CortexM3\ARM_GCC_541\Debug\tsk_io.o
 .debug_frame   0x000001e4       0x6c .\CortexM3\ARM_GCC_541\Debug\trcStreamingPort.o
 .debug_frame   0x00000250      0x128 .\CortexM3\ARM_GCC_541\Debug\trcKernelPort.o
 .debug_frame   0x00000378      0x614 .\CortexM3\ARM_GCC_541\Debug\trcStreamingRecorder.o
 .debug_frame   0x0000098c       0x4c .\CortexM3\ARM_GCC_541\Debug\button.o
 .debug_frame   0x000009d8       0x4c .\CortexM3\ARM_GCC_541\Debug\joystick.o
 .debug_frame   0x00000a24       0x8c .\CortexM3\ARM_GCC_541\Debug\led.o
 .debug_frame   0x00000ab0       0xcc .\CortexM3\ARM_GCC_541\Debug\seven.o
 .debug_frame   0x00000b7c       0x48 .\CortexM3\ARM_GCC_541\Debug\logging.o
 .debug_frame   0x00000bc4      0x5bc .\CortexM3\ARM_GCC_541\Debug\tft.o
 .debug_frame   0x00001180       0x60 .\CortexM3\ARM_GCC_541\Debug\rte.o
 .debug_frame   0x000011e0       0x20 .\CortexM3\ARM_GCC_541\Debug\sp_common.o
 .debug_frame   0x00001200       0xfc .\CortexM3\ARM_GCC_541\Debug\cyfitter_cfg.o
 .debug_frame   0x000012fc       0xb8 .\CortexM3\ARM_GCC_541\Debug\Cm3Start.o
 .debug_frame   0x000013b4       0x50 .\CortexM3\ARM_GCC_541\Debug\ElectronicGasPedal.a(SEVEN_DP.o)
 .debug_frame   0x00001404       0x50 .\CortexM3\ARM_GCC_541\Debug\ElectronicGasPedal.a(SEVEN_SELECT.o)
 .debug_frame   0x00001454       0x30 .\CortexM3\ARM_GCC_541\Debug\ElectronicGasPedal.a(SEVEN_reg.o)
 .debug_frame   0x00001484       0x50 .\CortexM3\ARM_GCC_541\Debug\ElectronicGasPedal.a(BUTTON_1.o)
 .debug_frame   0x000014d4      0x104 .\CortexM3\ARM_GCC_541\Debug\ElectronicGasPedal.a(isr_Button.o)
 .debug_frame   0x000015d8       0x50 .\CortexM3\ARM_GCC_541\Debug\ElectronicGasPedal.a(BUTTON_2.o)
 .debug_frame   0x00001628       0x50 .\CortexM3\ARM_GCC_541\Debug\ElectronicGasPedal.a(BUTTON_3.o)
 .debug_frame   0x00001678       0x50 .\CortexM3\ARM_GCC_541\Debug\ElectronicGasPedal.a(BUTTON_4.o)
 .debug_frame   0x000016c8       0x50 .\CortexM3\ARM_GCC_541\Debug\ElectronicGasPedal.a(LED_red.o)
 .debug_frame   0x00001718       0x50 .\CortexM3\ARM_GCC_541\Debug\ElectronicGasPedal.a(LED_yellow.o)
 .debug_frame   0x00001768       0x50 .\CortexM3\ARM_GCC_541\Debug\ElectronicGasPedal.a(LED_green.o)
 .debug_frame   0x000017b8      0x250 .\CortexM3\ARM_GCC_541\Debug\ElectronicGasPedal.a(UART_LOG.o)
 .debug_frame   0x00001a08       0xf8 .\CortexM3\ARM_GCC_541\Debug\ElectronicGasPedal.a(RGB_PWM_red.o)
 .debug_frame   0x00001b00       0xf8 .\CortexM3\ARM_GCC_541\Debug\ElectronicGasPedal.a(RGB_PWM_green.o)
 .debug_frame   0x00001bf8       0xf8 .\CortexM3\ARM_GCC_541\Debug\ElectronicGasPedal.a(RGB_PWM_blue.o)
 .debug_frame   0x00001cf0      0x1dc .\CortexM3\ARM_GCC_541\Debug\ElectronicGasPedal.a(JOYSTICK_ADC_XY.o)
 .debug_frame   0x00001ecc       0x20 .\CortexM3\ARM_GCC_541\Debug\ElectronicGasPedal.a(JOYSTICK_ADC_XY_INT.o)
 .debug_frame   0x00001eec      0x1e8 .\CortexM3\ARM_GCC_541\Debug\ElectronicGasPedal.a(TFT_SPI.o)
 .debug_frame   0x000020d4       0x50 .\CortexM3\ARM_GCC_541\Debug\ElectronicGasPedal.a(TFT_DC.o)
 .debug_frame   0x00002124       0x50 .\CortexM3\ARM_GCC_541\Debug\ElectronicGasPedal.a(TFT_RES.o)
 .debug_frame   0x00002174       0xe8 .\CortexM3\ARM_GCC_541\Debug\ElectronicGasPedal.a(TFT_BackLight.o)
 .debug_frame   0x0000225c      0x1dc .\CortexM3\ARM_GCC_541\Debug\ElectronicGasPedal.a(USBUART.o)
 .debug_frame   0x00002438      0x27c .\CortexM3\ARM_GCC_541\Debug\ElectronicGasPedal.a(USBUART_cdc.o)
 .debug_frame   0x000026b4      0x194 .\CortexM3\ARM_GCC_541\Debug\ElectronicGasPedal.a(USBUART_drv.o)
 .debug_frame   0x00002848       0x6c .\CortexM3\ARM_GCC_541\Debug\ElectronicGasPedal.a(USBUART_episr.o)
 .debug_frame   0x000028b4       0xa0 .\CortexM3\ARM_GCC_541\Debug\ElectronicGasPedal.a(USBUART_pm.o)
 .debug_frame   0x00002954      0x17c .\CortexM3\ARM_GCC_541\Debug\ElectronicGasPedal.a(USBUART_std.o)
 .debug_frame   0x00002ad0       0x20 .\CortexM3\ARM_GCC_541\Debug\ElectronicGasPedal.a(USBUART_vnd.o)
 .debug_frame   0x00002af0       0x30 .\CortexM3\ARM_GCC_541\Debug\ElectronicGasPedal.a(ErikaOS_ee_activate.o)
 .debug_frame   0x00002b20       0x38 .\CortexM3\ARM_GCC_541\Debug\ElectronicGasPedal.a(ErikaOS_ee_alsetrel.o)
 .debug_frame   0x00002b58      0x10c .\CortexM3\ARM_GCC_541\Debug\ElectronicGasPedal.a(ErikaOS_ee_altick.o)
 .debug_frame   0x00002c64       0x38 .\CortexM3\ARM_GCC_541\Debug\ElectronicGasPedal.a(ErikaOS_ee_evclear.o)
 .debug_frame   0x00002c9c       0x20 .\CortexM3\ARM_GCC_541\Debug\ElectronicGasPedal.a(ErikaOS_ee_evget.o)
 .debug_frame   0x00002cbc       0x30 .\CortexM3\ARM_GCC_541\Debug\ElectronicGasPedal.a(ErikaOS_ee_evset.o)
 .debug_frame   0x00002cec       0x30 .\CortexM3\ARM_GCC_541\Debug\ElectronicGasPedal.a(ErikaOS_ee_evwait.o)
 .debug_frame   0x00002d1c       0x20 .\CortexM3\ARM_GCC_541\Debug\ElectronicGasPedal.a(ErikaOS_ee_gettaskid.o)
 .debug_frame   0x00002d3c       0x58 .\CortexM3\ARM_GCC_541\Debug\ElectronicGasPedal.a(ErikaOS_ee_irqendin.o)
 .debug_frame   0x00002d94       0x3c .\CortexM3\ARM_GCC_541\Debug\ElectronicGasPedal.a(ErikaOS_ee_rq_exchg.o)
 .debug_frame   0x00002dd0       0x20 .\CortexM3\ARM_GCC_541\Debug\ElectronicGasPedal.a(ErikaOS_ee_rq_first.o)
 .debug_frame   0x00002df0       0x30 .\CortexM3\ARM_GCC_541\Debug\ElectronicGasPedal.a(ErikaOS_ee_rq_inser.o)
 .debug_frame   0x00002e20       0x90 .\CortexM3\ARM_GCC_541\Debug\ElectronicGasPedal.a(ErikaOS_ee_startos.o)
 .debug_frame   0x00002eb0       0x2c .\CortexM3\ARM_GCC_541\Debug\ElectronicGasPedal.a(ErikaOS_ee_terminat.o)
 .debug_frame   0x00002edc       0x2c .\CortexM3\ARM_GCC_541\Debug\ElectronicGasPedal.a(ErikaOS_cortex_mx_ee_utils.o)
 .debug_frame   0x00002f08       0xe0 .\CortexM3\ARM_GCC_541\Debug\ElectronicGasPedal.a(UART_LOG_IntClock.o)
 .debug_frame   0x00002fe8      0x1b0 .\CortexM3\ARM_GCC_541\Debug\ElectronicGasPedal.a(JOYSTICK_ADC_XY_SAR.o)
 .debug_frame   0x00003198       0x54 .\CortexM3\ARM_GCC_541\Debug\ElectronicGasPedal.a(JOYSTICK_ADC_XY_TempBuf_dma.o)
 .debug_frame   0x000031ec       0x54 .\CortexM3\ARM_GCC_541\Debug\ElectronicGasPedal.a(JOYSTICK_ADC_XY_FinalBuf_dma.o)
 .debug_frame   0x00003240      0x104 .\CortexM3\ARM_GCC_541\Debug\ElectronicGasPedal.a(JOYSTICK_ADC_XY_IRQ.o)
 .debug_frame   0x00003344       0xe0 .\CortexM3\ARM_GCC_541\Debug\ElectronicGasPedal.a(TFT_SPI_IntClock.o)
 .debug_frame   0x00003424       0x70 .\CortexM3\ARM_GCC_541\Debug\ElectronicGasPedal.a(USBUART_Dp.o)
 .debug_frame   0x00003494      0x1f8 .\CortexM3\ARM_GCC_541\Debug\ElectronicGasPedal.a(CyDmac.o)
 .debug_frame   0x0000368c      0x738 .\CortexM3\ARM_GCC_541\Debug\ElectronicGasPedal.a(CyLib.o)
 .debug_frame   0x00003dc4      0x1f8 .\CortexM3\ARM_GCC_541\Debug\ElectronicGasPedal.a(cyPm.o)
 .debug_frame   0x00003fbc       0x2c .\CortexM3\ARM_GCC_541\Debug\ElectronicGasPedal.a(USBUART_cls.o)
 .debug_frame   0x00003fe8       0x2c .\CortexM3\ARM_GCC_541\Debug\ElectronicGasPedal.a(ErikaOS_ee_tnterm.o)
 .debug_frame   0x00004014       0x2c .\CortexM3\ARM_GCC_541\Debug\ElectronicGasPedal.a(ErikaOS_ee_tstub.o)
 .debug_frame   0x00004040       0x3c .\CortexM3\ARM_GCC_541\Debug\ElectronicGasPedal.a(ErikaOS_cortex_mx_ee_context.o)
 .debug_frame   0x0000407c      0x194 .\CortexM3\ARM_GCC_541\Debug\ElectronicGasPedal.a(CyFlash.o)
 .debug_frame   0x00004210      0x180 .\CortexM3\ARM_GCC_541\Debug\ElectronicGasPedal.a(CySpc.o)
 .debug_frame   0x00004390       0x5c .\CortexM3\ARM_GCC_541\Debug\ElectronicGasPedal.a(ErikaOS_ee_thendin.o)
 .debug_frame   0x000043ec       0x44 c:/program files (x86)/cypress/psoc creator/4.4/psoc creator/import/gnu/arm/5.4.1/bin/../lib/gcc/arm-none-eabi/5.4.1/armv7-m\libgcc.a(_aeabi_ldivmod.o)
 .debug_frame   0x00004430       0x38 c:/program files (x86)/cypress/psoc creator/4.4/psoc creator/import/gnu/arm/5.4.1/bin/../lib/gcc/arm-none-eabi/5.4.1/armv7-m\libgcc.a(_udivmoddi4.o)
 .debug_frame   0x00004468       0x20 c:/program files (x86)/cypress/psoc creator/4.4/psoc creator/import/gnu/arm/5.4.1/bin/../lib/gcc/arm-none-eabi/5.4.1/../../../../arm-none-eabi/lib/armv7-m\libg_nano.a(lib_a-errno.o)
 .debug_frame   0x00004488       0x28 c:/program files (x86)/cypress/psoc creator/4.4/psoc creator/import/gnu/arm/5.4.1/bin/../lib/gcc/arm-none-eabi/5.4.1/../../../../arm-none-eabi/lib/armv7-m\libg_nano.a(lib_a-exit.o)
 .debug_frame   0x000044b0       0x2c c:/program files (x86)/cypress/psoc creator/4.4/psoc creator/import/gnu/arm/5.4.1/bin/../lib/gcc/arm-none-eabi/5.4.1/../../../../arm-none-eabi/lib/armv7-m\libg_nano.a(lib_a-init.o)